Archive member included to satisfy reference by file (symbol)

/home/fox/DevKit/Embedded/GNUARM-12.2/bin/../lib/gcc/arm-none-eabi/12.2.1/../../../../arm-none-eabi/lib/thumb/v6-m/nofp/libc_nano.a(libc_a-memcpy-stub.o)
                              /tmp/ccvnfY3L.o (memcpy)
/home/fox/DevKit/Embedded/GNUARM-12.2/bin/../lib/gcc/arm-none-eabi/12.2.1/../../../../arm-none-eabi/lib/thumb/v6-m/nofp/libc_nano.a(libc_a-memset.o)
                              /tmp/ccvnfY3L.o (memset)

Discarded input sections

 .group         0x00000000        0xc /tmp/ccvnfY3L.o
 .group         0x00000000        0xc /tmp/ccvnfY3L.o
 .group         0x00000000        0xc /tmp/ccvnfY3L.o
 .group         0x00000000        0xc /tmp/ccvnfY3L.o
 .group         0x00000000        0xc /tmp/ccvnfY3L.o
 .group         0x00000000        0xc /tmp/ccvnfY3L.o
 .group         0x00000000        0xc /tmp/ccvnfY3L.o
 .group         0x00000000        0xc /tmp/ccvnfY3L.o
 .group         0x00000000        0xc /tmp/ccvnfY3L.o
 .group         0x00000000        0xc /tmp/ccvnfY3L.o
 .group         0x00000000        0xc /tmp/ccvnfY3L.o
 .group         0x00000000        0xc /tmp/ccvnfY3L.o
 .group         0x00000000        0xc /tmp/ccvnfY3L.o
 .group         0x00000000        0xc /tmp/ccvnfY3L.o
 .group         0x00000000        0xc /tmp/ccvnfY3L.o
 .group         0x00000000        0xc /tmp/ccvnfY3L.o
 .group         0x00000000        0xc /tmp/ccvnfY3L.o
 .group         0x00000000        0xc /tmp/ccvnfY3L.o
 .group         0x00000000        0xc /tmp/ccvnfY3L.o
 .group         0x00000000        0xc /tmp/ccvnfY3L.o
 .group         0x00000000        0xc /tmp/ccvnfY3L.o
 .group         0x00000000        0xc /tmp/ccvnfY3L.o
 .group         0x00000000        0xc /tmp/ccvnfY3L.o
 .group         0x00000000        0xc /tmp/ccvnfY3L.o
 .group         0x00000000        0xc /tmp/ccvnfY3L.o
 .group         0x00000000        0xc /tmp/ccvnfY3L.o
 .group         0x00000000        0xc /tmp/ccvnfY3L.o
 .group         0x00000000        0xc /tmp/ccvnfY3L.o
 .group         0x00000000        0xc /tmp/ccvnfY3L.o
 .group         0x00000000        0xc /tmp/ccvnfY3L.o
 .group         0x00000000        0xc /tmp/ccvnfY3L.o
 .text          0x00000000        0x0 /tmp/ccvnfY3L.o
 .data          0x00000000        0x0 /tmp/ccvnfY3L.o
 .bss           0x00000000        0x0 /tmp/ccvnfY3L.o
 .group         0x00000000        0xc /tmp/ccJsmTVI.o
 .group         0x00000000        0xc /tmp/ccJsmTVI.o
 .group         0x00000000        0xc /tmp/ccJsmTVI.o
 .group         0x00000000        0xc /tmp/ccJsmTVI.o
 .group         0x00000000        0xc /tmp/ccJsmTVI.o
 .group         0x00000000        0xc /tmp/ccJsmTVI.o
 .group         0x00000000        0xc /tmp/ccJsmTVI.o
 .group         0x00000000        0xc /tmp/ccJsmTVI.o
 .group         0x00000000        0xc /tmp/ccJsmTVI.o
 .group         0x00000000        0xc /tmp/ccJsmTVI.o
 .group         0x00000000        0xc /tmp/ccJsmTVI.o
 .group         0x00000000        0xc /tmp/ccJsmTVI.o
 .text          0x00000000        0x0 /tmp/ccJsmTVI.o
 .data          0x00000000        0x0 /tmp/ccJsmTVI.o
 .bss           0x00000000        0x0 /tmp/ccJsmTVI.o
 .debug_info    0x00000000       0x69 /tmp/ccJsmTVI.o
 .debug_abbrev  0x00000000       0x28 /tmp/ccJsmTVI.o
 .debug_aranges
                0x00000000       0x18 /tmp/ccJsmTVI.o
 .debug_macro   0x00000000       0xaf /tmp/ccJsmTVI.o
 .debug_macro   0x00000000      0xa90 /tmp/ccJsmTVI.o
 .debug_macro   0x00000000       0x3f /tmp/ccJsmTVI.o
 .debug_macro   0x00000000       0x22 /tmp/ccJsmTVI.o
 .debug_macro   0x00000000       0x8e /tmp/ccJsmTVI.o
 .debug_macro   0x00000000       0x51 /tmp/ccJsmTVI.o
 .debug_macro   0x00000000      0x103 /tmp/ccJsmTVI.o
 .debug_macro   0x00000000       0x6a /tmp/ccJsmTVI.o
 .debug_macro   0x00000000      0x1df /tmp/ccJsmTVI.o
 .debug_macro   0x00000000       0x34 /tmp/ccJsmTVI.o
 .debug_macro   0x00000000       0x26 /tmp/ccJsmTVI.o
 .debug_macro   0x00000000      0x329 /tmp/ccJsmTVI.o
 .debug_macro   0x00000000     0x51e2 /tmp/ccJsmTVI.o
 .debug_line    0x00000000      0x20e /tmp/ccJsmTVI.o
 .debug_str     0x00000000    0x28416 /tmp/ccJsmTVI.o
 .comment       0x00000000       0x56 /tmp/ccJsmTVI.o
 .ARM.attributes
                0x00000000       0x2c /tmp/ccJsmTVI.o
 .text          0x00000000        0x0 /home/fox/DevKit/Embedded/GNUARM-12.2/bin/../lib/gcc/arm-none-eabi/12.2.1/../../../../arm-none-eabi/lib/thumb/v6-m/nofp/libc_nano.a(libc_a-memcpy-stub.o)
 .data          0x00000000        0x0 /home/fox/DevKit/Embedded/GNUARM-12.2/bin/../lib/gcc/arm-none-eabi/12.2.1/../../../../arm-none-eabi/lib/thumb/v6-m/nofp/libc_nano.a(libc_a-memcpy-stub.o)
 .bss           0x00000000        0x0 /home/fox/DevKit/Embedded/GNUARM-12.2/bin/../lib/gcc/arm-none-eabi/12.2.1/../../../../arm-none-eabi/lib/thumb/v6-m/nofp/libc_nano.a(libc_a-memcpy-stub.o)
 .text          0x00000000        0x0 /home/fox/DevKit/Embedded/GNUARM-12.2/bin/../lib/gcc/arm-none-eabi/12.2.1/../../../../arm-none-eabi/lib/thumb/v6-m/nofp/libc_nano.a(libc_a-memset.o)
 .data          0x00000000        0x0 /home/fox/DevKit/Embedded/GNUARM-12.2/bin/../lib/gcc/arm-none-eabi/12.2.1/../../../../arm-none-eabi/lib/thumb/v6-m/nofp/libc_nano.a(libc_a-memset.o)
 .bss           0x00000000        0x0 /home/fox/DevKit/Embedded/GNUARM-12.2/bin/../lib/gcc/arm-none-eabi/12.2.1/../../../../arm-none-eabi/lib/thumb/v6-m/nofp/libc_nano.a(libc_a-memset.o)

Memory Configuration

Name             Origin             Length             Attributes
interrupt        0x00000000         0x000000c0         xr
cfmprotrom       0x00000400         0x00000010         xr
flash            0x00000410         0x0001fbf0         xr
sram             0x1ffff000         0x00004000         xrw
*default*        0x00000000         0xffffffff

Linker script and memory map

LOAD /tmp/ccvnfY3L.o
LOAD /tmp/ccJsmTVI.o
LOAD /home/fox/DevKit/Embedded/GNUARM-12.2/bin/../lib/gcc/arm-none-eabi/12.2.1/../../../../arm-none-eabi/lib/thumb/v6-m/nofp/libm.a
LOAD /home/fox/DevKit/Embedded/GNUARM-12.2/bin/../lib/gcc/arm-none-eabi/12.2.1/../../../../arm-none-eabi/lib/thumb/v6-m/nofp/libc_nano.a
LOAD /home/fox/DevKit/Embedded/GNUARM-12.2/bin/../lib/gcc/arm-none-eabi/12.2.1/thumb/v6-m/nofp/libgcc.a
                0x20003000                        _estack = (ORIGIN (sram) + LENGTH (sram))

.vectors        0x00000000       0xc0
                0x00000000                        . = ALIGN (0x4)
 *(.vectors)
 .vectors       0x00000000       0xc0 /tmp/ccvnfY3L.o
                0x00000000                tab
                0x000000c0                        . = ALIGN (0x4)

.cfmprotect     0x00000400       0x10
                0x00000400                        . = ALIGN (0x4)
 *(.cfmconfig)
 .cfmconfig     0x00000400       0x10 /tmp/ccvnfY3L.o
                0x00000400                cfm
                0x00000410                        . = ALIGN (0x4)

.text           0x00000410      0x10e
 *(.text*)
 .text.__init_hardware
                0x00000410       0x10 /tmp/ccvnfY3L.o
 .text.zero_fill_bss
                0x00000420       0x18 /tmp/ccvnfY3L.o
 .text.copy_data
                0x00000438       0x1c /tmp/ccvnfY3L.o
 .text.main     0x00000454       0x98 /tmp/ccvnfY3L.o
                0x00000454                main
 .text._reset   0x000004ec       0x10 /tmp/ccvnfY3L.o
                0x000004ec                _reset
 .text.memcpy   0x000004fc       0x12 /home/fox/DevKit/Embedded/GNUARM-12.2/bin/../lib/gcc/arm-none-eabi/12.2.1/../../../../arm-none-eabi/lib/thumb/v6-m/nofp/libc_nano.a(libc_a-memcpy-stub.o)
                0x000004fc                memcpy
 .text.memset   0x0000050e       0x10 /home/fox/DevKit/Embedded/GNUARM-12.2/bin/../lib/gcc/arm-none-eabi/12.2.1/../../../../arm-none-eabi/lib/thumb/v6-m/nofp/libc_nano.a(libc_a-memset.o)
                0x0000050e                memset

.glue_7         0x00000520        0x0
 .glue_7        0x00000520        0x0 linker stubs

.glue_7t        0x00000520        0x0
 .glue_7t       0x00000520        0x0 linker stubs

.vfp11_veneer   0x00000520        0x0
 .vfp11_veneer  0x00000520        0x0 linker stubs

.v4_bx          0x00000520        0x0
 .v4_bx         0x00000520        0x0 linker stubs

.iplt           0x00000520        0x0
 .iplt          0x00000520        0x0 /tmp/ccvnfY3L.o

.rel.dyn        0x00000520        0x0
 .rel.iplt      0x00000520        0x0 /tmp/ccvnfY3L.o

.rodata
 *(.rodata*)

.data           0x1ffff000        0x0 load address 0x0000051e
                0x1ffff000                        _sdata = .
 *(.first_data)
 *(.data SORT_BY_NAME(.data.*))
                0x1ffff000                        _edata = .
                0x0000051e                        _sidata = LOADADDR (.data)

.igot.plt       0x1ffff000        0x0 load address 0x0000051e
 .igot.plt      0x1ffff000        0x0 /tmp/ccvnfY3L.o

.bss            0x1ffff000        0x0 load address 0x0000051e
                0x1ffff000                        _sbss = .
 *(.bss SORT_BY_NAME(.bss.*) COMMON)
                0x1ffff000                        _ebss = .
                0x1ffff000                        _end = .
OUTPUT(build/firmware.elf elf32-littlearm)
LOAD linker stubs

.debug_info     0x00000000      0x547
 .debug_info    0x00000000      0x547 /tmp/ccvnfY3L.o

.debug_abbrev   0x00000000      0x223
 .debug_abbrev  0x00000000      0x223 /tmp/ccvnfY3L.o

.debug_loclists
                0x00000000       0x2a
 .debug_loclists
                0x00000000       0x2a /tmp/ccvnfY3L.o

.debug_aranges  0x00000000       0x40
 .debug_aranges
                0x00000000       0x40 /tmp/ccvnfY3L.o

.debug_rnglists
                0x00000000       0x38
 .debug_rnglists
                0x00000000       0x38 /tmp/ccvnfY3L.o

.debug_macro    0x00000000     0x7402
 .debug_macro   0x00000000      0x19e /tmp/ccvnfY3L.o
 .debug_macro   0x0000019e      0xa90 /tmp/ccvnfY3L.o
 .debug_macro   0x00000c2e       0x3f /tmp/ccvnfY3L.o
 .debug_macro   0x00000c6d       0x22 /tmp/ccvnfY3L.o
 .debug_macro   0x00000c8f       0x8e /tmp/ccvnfY3L.o
 .debug_macro   0x00000d1d       0x51 /tmp/ccvnfY3L.o
 .debug_macro   0x00000d6e      0x103 /tmp/ccvnfY3L.o
 .debug_macro   0x00000e71       0x6a /tmp/ccvnfY3L.o
 .debug_macro   0x00000edb      0x1df /tmp/ccvnfY3L.o
 .debug_macro   0x000010ba       0x34 /tmp/ccvnfY3L.o
 .debug_macro   0x000010ee       0x26 /tmp/ccvnfY3L.o
 .debug_macro   0x00001114      0x329 /tmp/ccvnfY3L.o
 .debug_macro   0x0000143d     0x51e2 /tmp/ccvnfY3L.o
 .debug_macro   0x0000661f       0x61 /tmp/ccvnfY3L.o
 .debug_macro   0x00006680       0x24 /tmp/ccvnfY3L.o
 .debug_macro   0x000066a4       0x43 /tmp/ccvnfY3L.o
 .debug_macro   0x000066e7       0x3a /tmp/ccvnfY3L.o
 .debug_macro   0x00006721       0x89 /tmp/ccvnfY3L.o
 .debug_macro   0x000067aa      0x460 /tmp/ccvnfY3L.o
 .debug_macro   0x00006c0a       0x22 /tmp/ccvnfY3L.o
 .debug_macro   0x00006c2c      0x112 /tmp/ccvnfY3L.o
 .debug_macro   0x00006d3e       0x16 /tmp/ccvnfY3L.o
 .debug_macro   0x00006d54       0x43 /tmp/ccvnfY3L.o
 .debug_macro   0x00006d97       0x34 /tmp/ccvnfY3L.o
 .debug_macro   0x00006dcb       0x10 /tmp/ccvnfY3L.o
 .debug_macro   0x00006ddb       0x58 /tmp/ccvnfY3L.o
 .debug_macro   0x00006e33       0x8e /tmp/ccvnfY3L.o
 .debug_macro   0x00006ec1       0x1c /tmp/ccvnfY3L.o
 .debug_macro   0x00006edd      0x177 /tmp/ccvnfY3L.o
 .debug_macro   0x00007054      0x369 /tmp/ccvnfY3L.o
 .debug_macro   0x000073bd       0x10 /tmp/ccvnfY3L.o
 .debug_macro   0x000073cd       0x35 /tmp/ccvnfY3L.o

.debug_line     0x00000000      0x489
 .debug_line    0x00000000      0x489 /tmp/ccvnfY3L.o

.debug_str      0x00000000    0x2c778
 .debug_str     0x00000000    0x2c778 /tmp/ccvnfY3L.o
                              0x2cae2 (size before relaxing)

.comment        0x00000000       0x55
 .comment       0x00000000       0x55 /tmp/ccvnfY3L.o
                                 0x56 (size before relaxing)

.ARM.attributes
                0x00000000       0x2c
 .ARM.attributes
                0x00000000       0x2c /tmp/ccvnfY3L.o
 .ARM.attributes
                0x0000002c       0x2c /home/fox/DevKit/Embedded/GNUARM-12.2/bin/../lib/gcc/arm-none-eabi/12.2.1/../../../../arm-none-eabi/lib/thumb/v6-m/nofp/libc_nano.a(libc_a-memcpy-stub.o)
 .ARM.attributes
                0x00000058       0x2c /home/fox/DevKit/Embedded/GNUARM-12.2/bin/../lib/gcc/arm-none-eabi/12.2.1/../../../../arm-none-eabi/lib/thumb/v6-m/nofp/libc_nano.a(libc_a-memset.o)

.debug_frame    0x00000000       0xb8
 .debug_frame   0x00000000       0x70 /tmp/ccvnfY3L.o
 .debug_frame   0x00000070       0x28 /home/fox/DevKit/Embedded/GNUARM-12.2/bin/../lib/gcc/arm-none-eabi/12.2.1/../../../../arm-none-eabi/lib/thumb/v6-m/nofp/libc_nano.a(libc_a-memcpy-stub.o)
 .debug_frame   0x00000098       0x20 /home/fox/DevKit/Embedded/GNUARM-12.2/bin/../lib/gcc/arm-none-eabi/12.2.1/../../../../arm-none-eabi/lib/thumb/v6-m/nofp/libc_nano.a(libc_a-memset.o)
