Archive member included to satisfy reference by file (symbol)

/home/fox/DevKit/Embedded/GNUARM-12.2/bin/../lib/gcc/arm-none-eabi/12.2.1/../../../../arm-none-eabi/lib/thumb/v6-m/nofp/libc_nano.a(libc_a-vsprintf.o)
                              /tmp/ccmdMehQ.o (vsprintf)
/home/fox/DevKit/Embedded/GNUARM-12.2/bin/../lib/gcc/arm-none-eabi/12.2.1/../../../../arm-none-eabi/lib/thumb/v6-m/nofp/libc_nano.a(libc_a-impure.o)
                              /home/fox/DevKit/Embedded/GNUARM-12.2/bin/../lib/gcc/arm-none-eabi/12.2.1/../../../../arm-none-eabi/lib/thumb/v6-m/nofp/libc_nano.a(libc_a-vsprintf.o) (_impure_ptr)
/home/fox/DevKit/Embedded/GNUARM-12.2/bin/../lib/gcc/arm-none-eabi/12.2.1/../../../../arm-none-eabi/lib/thumb/v6-m/nofp/libc_nano.a(libc_a-memcpy-stub.o)
                              /tmp/ccuDXc5Q.o (memcpy)
/home/fox/DevKit/Embedded/GNUARM-12.2/bin/../lib/gcc/arm-none-eabi/12.2.1/../../../../arm-none-eabi/lib/thumb/v6-m/nofp/libc_nano.a(libc_a-strlen.o)
                              /tmp/ccmdMehQ.o (strlen)
/home/fox/DevKit/Embedded/GNUARM-12.2/bin/../lib/gcc/arm-none-eabi/12.2.1/../../../../arm-none-eabi/lib/thumb/v6-m/nofp/libc_nano.a(libc_a-memset.o)
                              /tmp/ccuDXc5Q.o (memset)
/home/fox/DevKit/Embedded/GNUARM-12.2/bin/../lib/gcc/arm-none-eabi/12.2.1/../../../../arm-none-eabi/lib/thumb/v6-m/nofp/libc_nano.a(libc_a-nano-svfprintf.o)
                              /home/fox/DevKit/Embedded/GNUARM-12.2/bin/../lib/gcc/arm-none-eabi/12.2.1/../../../../arm-none-eabi/lib/thumb/v6-m/nofp/libc_nano.a(libc_a-vsprintf.o) (_svfprintf_r)
/home/fox/DevKit/Embedded/GNUARM-12.2/bin/../lib/gcc/arm-none-eabi/12.2.1/../../../../arm-none-eabi/lib/thumb/v6-m/nofp/libc_nano.a(libc_a-nano-vfprintf_i.o)
                              /home/fox/DevKit/Embedded/GNUARM-12.2/bin/../lib/gcc/arm-none-eabi/12.2.1/../../../../arm-none-eabi/lib/thumb/v6-m/nofp/libc_nano.a(libc_a-nano-svfprintf.o) (_printf_i)
/home/fox/DevKit/Embedded/GNUARM-12.2/bin/../lib/gcc/arm-none-eabi/12.2.1/../../../../arm-none-eabi/lib/thumb/v6-m/nofp/libc_nano.a(libc_a-memchr-stub.o)
                              /home/fox/DevKit/Embedded/GNUARM-12.2/bin/../lib/gcc/arm-none-eabi/12.2.1/../../../../arm-none-eabi/lib/thumb/v6-m/nofp/libc_nano.a(libc_a-nano-svfprintf.o) (memchr)
/home/fox/DevKit/Embedded/GNUARM-12.2/bin/../lib/gcc/arm-none-eabi/12.2.1/../../../../arm-none-eabi/lib/thumb/v6-m/nofp/libc_nano.a(libc_a-mallocr.o)
                              /home/fox/DevKit/Embedded/GNUARM-12.2/bin/../lib/gcc/arm-none-eabi/12.2.1/../../../../arm-none-eabi/lib/thumb/v6-m/nofp/libc_nano.a(libc_a-nano-svfprintf.o) (_malloc_r)
/home/fox/DevKit/Embedded/GNUARM-12.2/bin/../lib/gcc/arm-none-eabi/12.2.1/../../../../arm-none-eabi/lib/thumb/v6-m/nofp/libc_nano.a(libc_a-mlock.o)
                              /home/fox/DevKit/Embedded/GNUARM-12.2/bin/../lib/gcc/arm-none-eabi/12.2.1/../../../../arm-none-eabi/lib/thumb/v6-m/nofp/libc_nano.a(libc_a-mallocr.o) (__malloc_lock)
/home/fox/DevKit/Embedded/GNUARM-12.2/bin/../lib/gcc/arm-none-eabi/12.2.1/../../../../arm-none-eabi/lib/thumb/v6-m/nofp/libc_nano.a(libc_a-sbrkr.o)
                              /home/fox/DevKit/Embedded/GNUARM-12.2/bin/../lib/gcc/arm-none-eabi/12.2.1/../../../../arm-none-eabi/lib/thumb/v6-m/nofp/libc_nano.a(libc_a-mallocr.o) (_sbrk_r)
/home/fox/DevKit/Embedded/GNUARM-12.2/bin/../lib/gcc/arm-none-eabi/12.2.1/../../../../arm-none-eabi/lib/thumb/v6-m/nofp/libc_nano.a(libc_a-memmove.o)
                              /home/fox/DevKit/Embedded/GNUARM-12.2/bin/../lib/gcc/arm-none-eabi/12.2.1/../../../../arm-none-eabi/lib/thumb/v6-m/nofp/libc_nano.a(libc_a-nano-svfprintf.o) (memmove)
/home/fox/DevKit/Embedded/GNUARM-12.2/bin/../lib/gcc/arm-none-eabi/12.2.1/../../../../arm-none-eabi/lib/thumb/v6-m/nofp/libc_nano.a(libc_a-reallocr.o)
                              /home/fox/DevKit/Embedded/GNUARM-12.2/bin/../lib/gcc/arm-none-eabi/12.2.1/../../../../arm-none-eabi/lib/thumb/v6-m/nofp/libc_nano.a(libc_a-nano-svfprintf.o) (_realloc_r)
/home/fox/DevKit/Embedded/GNUARM-12.2/bin/../lib/gcc/arm-none-eabi/12.2.1/../../../../arm-none-eabi/lib/thumb/v6-m/nofp/libc_nano.a(libc_a-freer.o)
                              /home/fox/DevKit/Embedded/GNUARM-12.2/bin/../lib/gcc/arm-none-eabi/12.2.1/../../../../arm-none-eabi/lib/thumb/v6-m/nofp/libc_nano.a(libc_a-nano-svfprintf.o) (_free_r)
/home/fox/DevKit/Embedded/GNUARM-12.2/bin/../lib/gcc/arm-none-eabi/12.2.1/../../../../arm-none-eabi/lib/thumb/v6-m/nofp/libc_nano.a(libc_a-lock.o)
                              /home/fox/DevKit/Embedded/GNUARM-12.2/bin/../lib/gcc/arm-none-eabi/12.2.1/../../../../arm-none-eabi/lib/thumb/v6-m/nofp/libc_nano.a(libc_a-mlock.o) (__retarget_lock_acquire_recursive)
/home/fox/DevKit/Embedded/GNUARM-12.2/bin/../lib/gcc/arm-none-eabi/12.2.1/../../../../arm-none-eabi/lib/thumb/v6-m/nofp/libc_nano.a(libc_a-reent.o)
                              /home/fox/DevKit/Embedded/GNUARM-12.2/bin/../lib/gcc/arm-none-eabi/12.2.1/../../../../arm-none-eabi/lib/thumb/v6-m/nofp/libc_nano.a(libc_a-sbrkr.o) (errno)
/home/fox/DevKit/Embedded/GNUARM-12.2/bin/../lib/gcc/arm-none-eabi/12.2.1/../../../../arm-none-eabi/lib/thumb/v6-m/nofp/libc_nano.a(libc_a-msizer.o)
                              /home/fox/DevKit/Embedded/GNUARM-12.2/bin/../lib/gcc/arm-none-eabi/12.2.1/../../../../arm-none-eabi/lib/thumb/v6-m/nofp/libc_nano.a(libc_a-reallocr.o) (_malloc_usable_size_r)
/home/fox/DevKit/Embedded/GNUARM-12.2/bin/../lib/gcc/arm-none-eabi/12.2.1/thumb/v6-m/nofp/libgcc.a(_thumb1_case_shi.o)
                              /home/fox/DevKit/Embedded/GNUARM-12.2/bin/../lib/gcc/arm-none-eabi/12.2.1/../../../../arm-none-eabi/lib/thumb/v6-m/nofp/libc_nano.a(libc_a-nano-vfprintf_i.o) (__gnu_thumb1_case_shi)
/home/fox/DevKit/Embedded/GNUARM-12.2/bin/../lib/gcc/arm-none-eabi/12.2.1/thumb/v6-m/nofp/libgcc.a(_udivsi3.o)
                              /tmp/ccmdMehQ.o (__aeabi_uidiv)
/home/fox/DevKit/Embedded/GNUARM-12.2/bin/../lib/gcc/arm-none-eabi/12.2.1/thumb/v6-m/nofp/libgcc.a(_dvmd_tls.o)
                              /home/fox/DevKit/Embedded/GNUARM-12.2/bin/../lib/gcc/arm-none-eabi/12.2.1/thumb/v6-m/nofp/libgcc.a(_udivsi3.o) (__aeabi_idiv0)

Discarded input sections

 .group         0x00000000        0xc /tmp/ccmdMehQ.o
 .group         0x00000000        0xc /tmp/ccmdMehQ.o
 .group         0x00000000        0xc /tmp/ccmdMehQ.o
 .group         0x00000000        0xc /tmp/ccmdMehQ.o
 .group         0x00000000        0xc /tmp/ccmdMehQ.o
 .group         0x00000000        0xc /tmp/ccmdMehQ.o
 .group         0x00000000        0xc /tmp/ccmdMehQ.o
 .group         0x00000000        0xc /tmp/ccmdMehQ.o
 .group         0x00000000        0xc /tmp/ccmdMehQ.o
 .group         0x00000000        0xc /tmp/ccmdMehQ.o
 .group         0x00000000        0xc /tmp/ccmdMehQ.o
 .group         0x00000000        0xc /tmp/ccmdMehQ.o
 .group         0x00000000        0xc /tmp/ccmdMehQ.o
 .group         0x00000000        0xc /tmp/ccmdMehQ.o
 .group         0x00000000        0xc /tmp/ccmdMehQ.o
 .group         0x00000000        0xc /tmp/ccmdMehQ.o
 .group         0x00000000        0xc /tmp/ccmdMehQ.o
 .group         0x00000000        0xc /tmp/ccmdMehQ.o
 .group         0x00000000        0xc /tmp/ccmdMehQ.o
 .group         0x00000000        0xc /tmp/ccmdMehQ.o
 .group         0x00000000        0xc /tmp/ccmdMehQ.o
 .group         0x00000000        0xc /tmp/ccmdMehQ.o
 .group         0x00000000        0xc /tmp/ccmdMehQ.o
 .group         0x00000000        0xc /tmp/ccmdMehQ.o
 .group         0x00000000        0xc /tmp/ccmdMehQ.o
 .group         0x00000000        0xc /tmp/ccmdMehQ.o
 .group         0x00000000        0xc /tmp/ccmdMehQ.o
 .group         0x00000000        0xc /tmp/ccmdMehQ.o
 .group         0x00000000        0xc /tmp/ccmdMehQ.o
 .group         0x00000000        0xc /tmp/ccmdMehQ.o
 .group         0x00000000        0xc /tmp/ccmdMehQ.o
 .group         0x00000000        0xc /tmp/ccmdMehQ.o
 .group         0x00000000        0xc /tmp/ccmdMehQ.o
 .group         0x00000000        0xc /tmp/ccmdMehQ.o
 .group         0x00000000        0xc /tmp/ccmdMehQ.o
 .group         0x00000000        0xc /tmp/ccmdMehQ.o
 .text          0x00000000        0x0 /tmp/ccmdMehQ.o
 .data          0x00000000        0x0 /tmp/ccmdMehQ.o
 .bss           0x00000000        0x0 /tmp/ccmdMehQ.o
 .group         0x00000000        0xc /tmp/ccV7rBdQ.o
 .group         0x00000000        0xc /tmp/ccV7rBdQ.o
 .group         0x00000000        0xc /tmp/ccV7rBdQ.o
 .group         0x00000000        0xc /tmp/ccV7rBdQ.o
 .group         0x00000000        0xc /tmp/ccV7rBdQ.o
 .group         0x00000000        0xc /tmp/ccV7rBdQ.o
 .group         0x00000000        0xc /tmp/ccV7rBdQ.o
 .group         0x00000000        0xc /tmp/ccV7rBdQ.o
 .group         0x00000000        0xc /tmp/ccV7rBdQ.o
 .group         0x00000000        0xc /tmp/ccV7rBdQ.o
 .group         0x00000000        0xc /tmp/ccV7rBdQ.o
 .group         0x00000000        0xc /tmp/ccV7rBdQ.o
 .group         0x00000000        0xc /tmp/ccV7rBdQ.o
 .group         0x00000000        0xc /tmp/ccV7rBdQ.o
 .group         0x00000000        0xc /tmp/ccV7rBdQ.o
 .group         0x00000000        0xc /tmp/ccV7rBdQ.o
 .group         0x00000000        0xc /tmp/ccV7rBdQ.o
 .group         0x00000000        0xc /tmp/ccV7rBdQ.o
 .group         0x00000000        0xc /tmp/ccV7rBdQ.o
 .group         0x00000000        0xc /tmp/ccV7rBdQ.o
 .group         0x00000000        0xc /tmp/ccV7rBdQ.o
 .group         0x00000000        0xc /tmp/ccV7rBdQ.o
 .group         0x00000000        0xc /tmp/ccV7rBdQ.o
 .group         0x00000000        0xc /tmp/ccV7rBdQ.o
 .group         0x00000000        0xc /tmp/ccV7rBdQ.o
 .group         0x00000000        0xc /tmp/ccV7rBdQ.o
 .group         0x00000000        0xc /tmp/ccV7rBdQ.o
 .group         0x00000000        0xc /tmp/ccV7rBdQ.o
 .group         0x00000000        0xc /tmp/ccV7rBdQ.o
 .group         0x00000000        0xc /tmp/ccV7rBdQ.o
 .group         0x00000000        0xc /tmp/ccV7rBdQ.o
 .group         0x00000000        0xc /tmp/ccV7rBdQ.o
 .group         0x00000000        0xc /tmp/ccV7rBdQ.o
 .group         0x00000000        0xc /tmp/ccV7rBdQ.o
 .group         0x00000000        0xc /tmp/ccV7rBdQ.o
 .group         0x00000000        0xc /tmp/ccV7rBdQ.o
 .text          0x00000000        0x0 /tmp/ccV7rBdQ.o
 .data          0x00000000        0x0 /tmp/ccV7rBdQ.o
 .bss           0x00000000        0x0 /tmp/ccV7rBdQ.o
 .debug_macro   0x00000000      0xa90 /tmp/ccV7rBdQ.o
 .debug_macro   0x00000000       0x3f /tmp/ccV7rBdQ.o
 .debug_macro   0x00000000       0x22 /tmp/ccV7rBdQ.o
 .debug_macro   0x00000000       0x8e /tmp/ccV7rBdQ.o
 .debug_macro   0x00000000       0x51 /tmp/ccV7rBdQ.o
 .debug_macro   0x00000000      0x103 /tmp/ccV7rBdQ.o
 .debug_macro   0x00000000       0x6a /tmp/ccV7rBdQ.o
 .debug_macro   0x00000000      0x1df /tmp/ccV7rBdQ.o
 .debug_macro   0x00000000       0x34 /tmp/ccV7rBdQ.o
 .debug_macro   0x00000000       0x26 /tmp/ccV7rBdQ.o
 .debug_macro   0x00000000      0x329 /tmp/ccV7rBdQ.o
 .debug_macro   0x00000000     0x51e2 /tmp/ccV7rBdQ.o
 .debug_macro   0x00000000       0x34 /tmp/ccV7rBdQ.o
 .debug_macro   0x00000000       0x22 /tmp/ccV7rBdQ.o
 .debug_macro   0x00000000       0x58 /tmp/ccV7rBdQ.o
 .debug_macro   0x00000000       0x61 /tmp/ccV7rBdQ.o
 .debug_macro   0x00000000       0x24 /tmp/ccV7rBdQ.o
 .debug_macro   0x00000000       0x43 /tmp/ccV7rBdQ.o
 .debug_macro   0x00000000       0x34 /tmp/ccV7rBdQ.o
 .debug_macro   0x00000000       0x16 /tmp/ccV7rBdQ.o
 .debug_macro   0x00000000       0x9e /tmp/ccV7rBdQ.o
 .debug_macro   0x00000000      0x369 /tmp/ccV7rBdQ.o
 .debug_macro   0x00000000      0x10b /tmp/ccV7rBdQ.o
 .debug_macro   0x00000000       0x16 /tmp/ccV7rBdQ.o
 .debug_macro   0x00000000       0x43 /tmp/ccV7rBdQ.o
 .debug_macro   0x00000000       0x34 /tmp/ccV7rBdQ.o
 .debug_macro   0x00000000       0x10 /tmp/ccV7rBdQ.o
 .debug_macro   0x00000000       0x58 /tmp/ccV7rBdQ.o
 .debug_macro   0x00000000       0x8e /tmp/ccV7rBdQ.o
 .debug_macro   0x00000000       0x1c /tmp/ccV7rBdQ.o
 .debug_macro   0x00000000      0x177 /tmp/ccV7rBdQ.o
 .debug_macro   0x00000000       0x16 /tmp/ccV7rBdQ.o
 .debug_macro   0x00000000       0x16 /tmp/ccV7rBdQ.o
 .debug_macro   0x00000000      0x146 /tmp/ccV7rBdQ.o
 .debug_macro   0x00000000       0x16 /tmp/ccV7rBdQ.o
 .debug_macro   0x00000000       0x35 /tmp/ccV7rBdQ.o
 .group         0x00000000        0xc /tmp/ccuDXc5Q.o
 .group         0x00000000        0xc /tmp/ccuDXc5Q.o
 .group         0x00000000        0xc /tmp/ccuDXc5Q.o
 .group         0x00000000        0xc /tmp/ccuDXc5Q.o
 .group         0x00000000        0xc /tmp/ccuDXc5Q.o
 .group         0x00000000        0xc /tmp/ccuDXc5Q.o
 .group         0x00000000        0xc /tmp/ccuDXc5Q.o
 .group         0x00000000        0xc /tmp/ccuDXc5Q.o
 .group         0x00000000        0xc /tmp/ccuDXc5Q.o
 .group         0x00000000        0xc /tmp/ccuDXc5Q.o
 .group         0x00000000        0xc /tmp/ccuDXc5Q.o
 .group         0x00000000        0xc /tmp/ccuDXc5Q.o
 .group         0x00000000        0xc /tmp/ccuDXc5Q.o
 .group         0x00000000        0xc /tmp/ccuDXc5Q.o
 .group         0x00000000        0xc /tmp/ccuDXc5Q.o
 .group         0x00000000        0xc /tmp/ccuDXc5Q.o
 .group         0x00000000        0xc /tmp/ccuDXc5Q.o
 .group         0x00000000        0xc /tmp/ccuDXc5Q.o
 .group         0x00000000        0xc /tmp/ccuDXc5Q.o
 .group         0x00000000        0xc /tmp/ccuDXc5Q.o
 .group         0x00000000        0xc /tmp/ccuDXc5Q.o
 .group         0x00000000        0xc /tmp/ccuDXc5Q.o
 .group         0x00000000        0xc /tmp/ccuDXc5Q.o
 .group         0x00000000        0xc /tmp/ccuDXc5Q.o
 .group         0x00000000        0xc /tmp/ccuDXc5Q.o
 .group         0x00000000        0xc /tmp/ccuDXc5Q.o
 .group         0x00000000        0xc /tmp/ccuDXc5Q.o
 .group         0x00000000        0xc /tmp/ccuDXc5Q.o
 .group         0x00000000        0xc /tmp/ccuDXc5Q.o
 .text          0x00000000        0x0 /tmp/ccuDXc5Q.o
 .data          0x00000000        0x0 /tmp/ccuDXc5Q.o
 .bss           0x00000000        0x0 /tmp/ccuDXc5Q.o
 .debug_macro   0x00000000      0xa90 /tmp/ccuDXc5Q.o
 .debug_macro   0x00000000       0x3f /tmp/ccuDXc5Q.o
 .debug_macro   0x00000000       0x22 /tmp/ccuDXc5Q.o
 .debug_macro   0x00000000       0x8e /tmp/ccuDXc5Q.o
 .debug_macro   0x00000000       0x51 /tmp/ccuDXc5Q.o
 .debug_macro   0x00000000      0x103 /tmp/ccuDXc5Q.o
 .debug_macro   0x00000000       0x6a /tmp/ccuDXc5Q.o
 .debug_macro   0x00000000      0x1df /tmp/ccuDXc5Q.o
 .debug_macro   0x00000000       0x34 /tmp/ccuDXc5Q.o
 .debug_macro   0x00000000       0x26 /tmp/ccuDXc5Q.o
 .debug_macro   0x00000000      0x329 /tmp/ccuDXc5Q.o
 .debug_macro   0x00000000     0x51e2 /tmp/ccuDXc5Q.o
 .debug_macro   0x00000000       0x34 /tmp/ccuDXc5Q.o
 .debug_macro   0x00000000       0x61 /tmp/ccuDXc5Q.o
 .debug_macro   0x00000000       0x24 /tmp/ccuDXc5Q.o
 .debug_macro   0x00000000       0x43 /tmp/ccuDXc5Q.o
 .debug_macro   0x00000000       0x34 /tmp/ccuDXc5Q.o
 .debug_macro   0x00000000       0x16 /tmp/ccuDXc5Q.o
 .debug_macro   0x00000000       0x43 /tmp/ccuDXc5Q.o
 .debug_macro   0x00000000       0x34 /tmp/ccuDXc5Q.o
 .debug_macro   0x00000000       0x10 /tmp/ccuDXc5Q.o
 .debug_macro   0x00000000       0x58 /tmp/ccuDXc5Q.o
 .debug_macro   0x00000000       0x8e /tmp/ccuDXc5Q.o
 .debug_macro   0x00000000       0x1c /tmp/ccuDXc5Q.o
 .debug_macro   0x00000000      0x177 /tmp/ccuDXc5Q.o
 .debug_macro   0x00000000      0x369 /tmp/ccuDXc5Q.o
 .debug_macro   0x00000000       0x35 /tmp/ccuDXc5Q.o
 .group         0x00000000        0xc /tmp/ccmvi7GR.o
 .group         0x00000000        0xc /tmp/ccmvi7GR.o
 .group         0x00000000        0xc /tmp/ccmvi7GR.o
 .group         0x00000000        0xc /tmp/ccmvi7GR.o
 .group         0x00000000        0xc /tmp/ccmvi7GR.o
 .group         0x00000000        0xc /tmp/ccmvi7GR.o
 .group         0x00000000        0xc /tmp/ccmvi7GR.o
 .group         0x00000000        0xc /tmp/ccmvi7GR.o
 .group         0x00000000        0xc /tmp/ccmvi7GR.o
 .group         0x00000000        0xc /tmp/ccmvi7GR.o
 .group         0x00000000        0xc /tmp/ccmvi7GR.o
 .group         0x00000000        0xc /tmp/ccmvi7GR.o
 .group         0x00000000        0xc /tmp/ccmvi7GR.o
 .group         0x00000000        0xc /tmp/ccmvi7GR.o
 .group         0x00000000        0xc /tmp/ccmvi7GR.o
 .group         0x00000000        0xc /tmp/ccmvi7GR.o
 .group         0x00000000        0xc /tmp/ccmvi7GR.o
 .group         0x00000000        0xc /tmp/ccmvi7GR.o
 .group         0x00000000        0xc /tmp/ccmvi7GR.o
 .group         0x00000000        0xc /tmp/ccmvi7GR.o
 .group         0x00000000        0xc /tmp/ccmvi7GR.o
 .group         0x00000000        0xc /tmp/ccmvi7GR.o
 .group         0x00000000        0xc /tmp/ccmvi7GR.o
 .text          0x00000000        0x0 /tmp/ccmvi7GR.o
 .data          0x00000000        0x0 /tmp/ccmvi7GR.o
 .bss           0x00000000        0x0 /tmp/ccmvi7GR.o
 .debug_macro   0x00000000      0xa90 /tmp/ccmvi7GR.o
 .debug_macro   0x00000000       0x22 /tmp/ccmvi7GR.o
 .debug_macro   0x00000000       0x24 /tmp/ccmvi7GR.o
 .debug_macro   0x00000000       0x43 /tmp/ccmvi7GR.o
 .debug_macro   0x00000000       0x34 /tmp/ccmvi7GR.o
 .debug_macro   0x00000000      0x189 /tmp/ccmvi7GR.o
 .debug_macro   0x00000000      0x369 /tmp/ccmvi7GR.o
 .debug_macro   0x00000000       0x16 /tmp/ccmvi7GR.o
 .debug_macro   0x00000000       0x43 /tmp/ccmvi7GR.o
 .debug_macro   0x00000000       0x34 /tmp/ccmvi7GR.o
 .debug_macro   0x00000000       0x6a /tmp/ccmvi7GR.o
 .text          0x00000000        0x0 /home/fox/DevKit/Embedded/GNUARM-12.2/bin/../lib/gcc/arm-none-eabi/12.2.1/../../../../arm-none-eabi/lib/thumb/v6-m/nofp/libc_nano.a(libc_a-vsprintf.o)
 .data          0x00000000        0x0 /home/fox/DevKit/Embedded/GNUARM-12.2/bin/../lib/gcc/arm-none-eabi/12.2.1/../../../../arm-none-eabi/lib/thumb/v6-m/nofp/libc_nano.a(libc_a-vsprintf.o)
 .bss           0x00000000        0x0 /home/fox/DevKit/Embedded/GNUARM-12.2/bin/../lib/gcc/arm-none-eabi/12.2.1/../../../../arm-none-eabi/lib/thumb/v6-m/nofp/libc_nano.a(libc_a-vsprintf.o)
 .text          0x00000000        0x0 /home/fox/DevKit/Embedded/GNUARM-12.2/bin/../lib/gcc/arm-none-eabi/12.2.1/../../../../arm-none-eabi/lib/thumb/v6-m/nofp/libc_nano.a(libc_a-impure.o)
 .data          0x00000000        0x0 /home/fox/DevKit/Embedded/GNUARM-12.2/bin/../lib/gcc/arm-none-eabi/12.2.1/../../../../arm-none-eabi/lib/thumb/v6-m/nofp/libc_nano.a(libc_a-impure.o)
 .bss           0x00000000        0x0 /home/fox/DevKit/Embedded/GNUARM-12.2/bin/../lib/gcc/arm-none-eabi/12.2.1/../../../../arm-none-eabi/lib/thumb/v6-m/nofp/libc_nano.a(libc_a-impure.o)
 .text          0x00000000        0x0 /home/fox/DevKit/Embedded/GNUARM-12.2/bin/../lib/gcc/arm-none-eabi/12.2.1/../../../../arm-none-eabi/lib/thumb/v6-m/nofp/libc_nano.a(libc_a-memcpy-stub.o)
 .data          0x00000000        0x0 /home/fox/DevKit/Embedded/GNUARM-12.2/bin/../lib/gcc/arm-none-eabi/12.2.1/../../../../arm-none-eabi/lib/thumb/v6-m/nofp/libc_nano.a(libc_a-memcpy-stub.o)
 .bss           0x00000000        0x0 /home/fox/DevKit/Embedded/GNUARM-12.2/bin/../lib/gcc/arm-none-eabi/12.2.1/../../../../arm-none-eabi/lib/thumb/v6-m/nofp/libc_nano.a(libc_a-memcpy-stub.o)
 .data          0x00000000        0x0 /home/fox/DevKit/Embedded/GNUARM-12.2/bin/../lib/gcc/arm-none-eabi/12.2.1/../../../../arm-none-eabi/lib/thumb/v6-m/nofp/libc_nano.a(libc_a-strlen.o)
 .bss           0x00000000        0x0 /home/fox/DevKit/Embedded/GNUARM-12.2/bin/../lib/gcc/arm-none-eabi/12.2.1/../../../../arm-none-eabi/lib/thumb/v6-m/nofp/libc_nano.a(libc_a-strlen.o)
 .text          0x00000000        0x0 /home/fox/DevKit/Embedded/GNUARM-12.2/bin/../lib/gcc/arm-none-eabi/12.2.1/../../../../arm-none-eabi/lib/thumb/v6-m/nofp/libc_nano.a(libc_a-memset.o)
 .data          0x00000000        0x0 /home/fox/DevKit/Embedded/GNUARM-12.2/bin/../lib/gcc/arm-none-eabi/12.2.1/../../../../arm-none-eabi/lib/thumb/v6-m/nofp/libc_nano.a(libc_a-memset.o)
 .bss           0x00000000        0x0 /home/fox/DevKit/Embedded/GNUARM-12.2/bin/../lib/gcc/arm-none-eabi/12.2.1/../../../../arm-none-eabi/lib/thumb/v6-m/nofp/libc_nano.a(libc_a-memset.o)
 .text          0x00000000        0x0 /home/fox/DevKit/Embedded/GNUARM-12.2/bin/../lib/gcc/arm-none-eabi/12.2.1/../../../../arm-none-eabi/lib/thumb/v6-m/nofp/libc_nano.a(libc_a-nano-svfprintf.o)
 .data          0x00000000        0x0 /home/fox/DevKit/Embedded/GNUARM-12.2/bin/../lib/gcc/arm-none-eabi/12.2.1/../../../../arm-none-eabi/lib/thumb/v6-m/nofp/libc_nano.a(libc_a-nano-svfprintf.o)
 .bss           0x00000000        0x0 /home/fox/DevKit/Embedded/GNUARM-12.2/bin/../lib/gcc/arm-none-eabi/12.2.1/../../../../arm-none-eabi/lib/thumb/v6-m/nofp/libc_nano.a(libc_a-nano-svfprintf.o)
 .text.__ssprint_r
                0x00000000      0x100 /home/fox/DevKit/Embedded/GNUARM-12.2/bin/../lib/gcc/arm-none-eabi/12.2.1/../../../../arm-none-eabi/lib/thumb/v6-m/nofp/libc_nano.a(libc_a-nano-svfprintf.o)
 .text          0x00000000        0x0 /home/fox/DevKit/Embedded/GNUARM-12.2/bin/../lib/gcc/arm-none-eabi/12.2.1/../../../../arm-none-eabi/lib/thumb/v6-m/nofp/libc_nano.a(libc_a-nano-vfprintf_i.o)
 .data          0x00000000        0x0 /home/fox/DevKit/Embedded/GNUARM-12.2/bin/../lib/gcc/arm-none-eabi/12.2.1/../../../../arm-none-eabi/lib/thumb/v6-m/nofp/libc_nano.a(libc_a-nano-vfprintf_i.o)
 .bss           0x00000000        0x0 /home/fox/DevKit/Embedded/GNUARM-12.2/bin/../lib/gcc/arm-none-eabi/12.2.1/../../../../arm-none-eabi/lib/thumb/v6-m/nofp/libc_nano.a(libc_a-nano-vfprintf_i.o)
 .text          0x00000000        0x0 /home/fox/DevKit/Embedded/GNUARM-12.2/bin/../lib/gcc/arm-none-eabi/12.2.1/../../../../arm-none-eabi/lib/thumb/v6-m/nofp/libc_nano.a(libc_a-memchr-stub.o)
 .data          0x00000000        0x0 /home/fox/DevKit/Embedded/GNUARM-12.2/bin/../lib/gcc/arm-none-eabi/12.2.1/../../../../arm-none-eabi/lib/thumb/v6-m/nofp/libc_nano.a(libc_a-memchr-stub.o)
 .bss           0x00000000        0x0 /home/fox/DevKit/Embedded/GNUARM-12.2/bin/../lib/gcc/arm-none-eabi/12.2.1/../../../../arm-none-eabi/lib/thumb/v6-m/nofp/libc_nano.a(libc_a-memchr-stub.o)
 .text          0x00000000        0x0 /home/fox/DevKit/Embedded/GNUARM-12.2/bin/../lib/gcc/arm-none-eabi/12.2.1/../../../../arm-none-eabi/lib/thumb/v6-m/nofp/libc_nano.a(libc_a-mallocr.o)
 .data          0x00000000        0x0 /home/fox/DevKit/Embedded/GNUARM-12.2/bin/../lib/gcc/arm-none-eabi/12.2.1/../../../../arm-none-eabi/lib/thumb/v6-m/nofp/libc_nano.a(libc_a-mallocr.o)
 .bss           0x00000000        0x0 /home/fox/DevKit/Embedded/GNUARM-12.2/bin/../lib/gcc/arm-none-eabi/12.2.1/../../../../arm-none-eabi/lib/thumb/v6-m/nofp/libc_nano.a(libc_a-mallocr.o)
 .text          0x00000000        0x0 /home/fox/DevKit/Embedded/GNUARM-12.2/bin/../lib/gcc/arm-none-eabi/12.2.1/../../../../arm-none-eabi/lib/thumb/v6-m/nofp/libc_nano.a(libc_a-mlock.o)
 .data          0x00000000        0x0 /home/fox/DevKit/Embedded/GNUARM-12.2/bin/../lib/gcc/arm-none-eabi/12.2.1/../../../../arm-none-eabi/lib/thumb/v6-m/nofp/libc_nano.a(libc_a-mlock.o)
 .bss           0x00000000        0x0 /home/fox/DevKit/Embedded/GNUARM-12.2/bin/../lib/gcc/arm-none-eabi/12.2.1/../../../../arm-none-eabi/lib/thumb/v6-m/nofp/libc_nano.a(libc_a-mlock.o)
 .text          0x00000000        0x0 /home/fox/DevKit/Embedded/GNUARM-12.2/bin/../lib/gcc/arm-none-eabi/12.2.1/../../../../arm-none-eabi/lib/thumb/v6-m/nofp/libc_nano.a(libc_a-sbrkr.o)
 .data          0x00000000        0x0 /home/fox/DevKit/Embedded/GNUARM-12.2/bin/../lib/gcc/arm-none-eabi/12.2.1/../../../../arm-none-eabi/lib/thumb/v6-m/nofp/libc_nano.a(libc_a-sbrkr.o)
 .bss           0x00000000        0x0 /home/fox/DevKit/Embedded/GNUARM-12.2/bin/../lib/gcc/arm-none-eabi/12.2.1/../../../../arm-none-eabi/lib/thumb/v6-m/nofp/libc_nano.a(libc_a-sbrkr.o)
 .text          0x00000000        0x0 /home/fox/DevKit/Embedded/GNUARM-12.2/bin/../lib/gcc/arm-none-eabi/12.2.1/../../../../arm-none-eabi/lib/thumb/v6-m/nofp/libc_nano.a(libc_a-memmove.o)
 .data          0x00000000        0x0 /home/fox/DevKit/Embedded/GNUARM-12.2/bin/../lib/gcc/arm-none-eabi/12.2.1/../../../../arm-none-eabi/lib/thumb/v6-m/nofp/libc_nano.a(libc_a-memmove.o)
 .bss           0x00000000        0x0 /home/fox/DevKit/Embedded/GNUARM-12.2/bin/../lib/gcc/arm-none-eabi/12.2.1/../../../../arm-none-eabi/lib/thumb/v6-m/nofp/libc_nano.a(libc_a-memmove.o)
 .text          0x00000000        0x0 /home/fox/DevKit/Embedded/GNUARM-12.2/bin/../lib/gcc/arm-none-eabi/12.2.1/../../../../arm-none-eabi/lib/thumb/v6-m/nofp/libc_nano.a(libc_a-reallocr.o)
 .data          0x00000000        0x0 /home/fox/DevKit/Embedded/GNUARM-12.2/bin/../lib/gcc/arm-none-eabi/12.2.1/../../../../arm-none-eabi/lib/thumb/v6-m/nofp/libc_nano.a(libc_a-reallocr.o)
 .bss           0x00000000        0x0 /home/fox/DevKit/Embedded/GNUARM-12.2/bin/../lib/gcc/arm-none-eabi/12.2.1/../../../../arm-none-eabi/lib/thumb/v6-m/nofp/libc_nano.a(libc_a-reallocr.o)
 .text          0x00000000        0x0 /home/fox/DevKit/Embedded/GNUARM-12.2/bin/../lib/gcc/arm-none-eabi/12.2.1/../../../../arm-none-eabi/lib/thumb/v6-m/nofp/libc_nano.a(libc_a-freer.o)
 .data          0x00000000        0x0 /home/fox/DevKit/Embedded/GNUARM-12.2/bin/../lib/gcc/arm-none-eabi/12.2.1/../../../../arm-none-eabi/lib/thumb/v6-m/nofp/libc_nano.a(libc_a-freer.o)
 .bss           0x00000000        0x0 /home/fox/DevKit/Embedded/GNUARM-12.2/bin/../lib/gcc/arm-none-eabi/12.2.1/../../../../arm-none-eabi/lib/thumb/v6-m/nofp/libc_nano.a(libc_a-freer.o)
 .text          0x00000000        0x0 /home/fox/DevKit/Embedded/GNUARM-12.2/bin/../lib/gcc/arm-none-eabi/12.2.1/../../../../arm-none-eabi/lib/thumb/v6-m/nofp/libc_nano.a(libc_a-lock.o)
 .data          0x00000000        0x0 /home/fox/DevKit/Embedded/GNUARM-12.2/bin/../lib/gcc/arm-none-eabi/12.2.1/../../../../arm-none-eabi/lib/thumb/v6-m/nofp/libc_nano.a(libc_a-lock.o)
 .bss           0x00000000        0x0 /home/fox/DevKit/Embedded/GNUARM-12.2/bin/../lib/gcc/arm-none-eabi/12.2.1/../../../../arm-none-eabi/lib/thumb/v6-m/nofp/libc_nano.a(libc_a-lock.o)
 .text.__retarget_lock_init
                0x00000000        0x2 /home/fox/DevKit/Embedded/GNUARM-12.2/bin/../lib/gcc/arm-none-eabi/12.2.1/../../../../arm-none-eabi/lib/thumb/v6-m/nofp/libc_nano.a(libc_a-lock.o)
 .text.__retarget_lock_init_recursive
                0x00000000        0x2 /home/fox/DevKit/Embedded/GNUARM-12.2/bin/../lib/gcc/arm-none-eabi/12.2.1/../../../../arm-none-eabi/lib/thumb/v6-m/nofp/libc_nano.a(libc_a-lock.o)
 .text.__retarget_lock_close
                0x00000000        0x2 /home/fox/DevKit/Embedded/GNUARM-12.2/bin/../lib/gcc/arm-none-eabi/12.2.1/../../../../arm-none-eabi/lib/thumb/v6-m/nofp/libc_nano.a(libc_a-lock.o)
 .text.__retarget_lock_close_recursive
                0x00000000        0x2 /home/fox/DevKit/Embedded/GNUARM-12.2/bin/../lib/gcc/arm-none-eabi/12.2.1/../../../../arm-none-eabi/lib/thumb/v6-m/nofp/libc_nano.a(libc_a-lock.o)
 .text.__retarget_lock_acquire
                0x00000000        0x2 /home/fox/DevKit/Embedded/GNUARM-12.2/bin/../lib/gcc/arm-none-eabi/12.2.1/../../../../arm-none-eabi/lib/thumb/v6-m/nofp/libc_nano.a(libc_a-lock.o)
 .text.__retarget_lock_try_acquire
                0x00000000        0x4 /home/fox/DevKit/Embedded/GNUARM-12.2/bin/../lib/gcc/arm-none-eabi/12.2.1/../../../../arm-none-eabi/lib/thumb/v6-m/nofp/libc_nano.a(libc_a-lock.o)
 .text.__retarget_lock_try_acquire_recursive
                0x00000000        0x4 /home/fox/DevKit/Embedded/GNUARM-12.2/bin/../lib/gcc/arm-none-eabi/12.2.1/../../../../arm-none-eabi/lib/thumb/v6-m/nofp/libc_nano.a(libc_a-lock.o)
 .text.__retarget_lock_release
                0x00000000        0x2 /home/fox/DevKit/Embedded/GNUARM-12.2/bin/../lib/gcc/arm-none-eabi/12.2.1/../../../../arm-none-eabi/lib/thumb/v6-m/nofp/libc_nano.a(libc_a-lock.o)
 .bss.__lock___arc4random_mutex
                0x00000000        0x1 /home/fox/DevKit/Embedded/GNUARM-12.2/bin/../lib/gcc/arm-none-eabi/12.2.1/../../../../arm-none-eabi/lib/thumb/v6-m/nofp/libc_nano.a(libc_a-lock.o)
 .bss.__lock___dd_hash_mutex
                0x00000000        0x1 /home/fox/DevKit/Embedded/GNUARM-12.2/bin/../lib/gcc/arm-none-eabi/12.2.1/../../../../arm-none-eabi/lib/thumb/v6-m/nofp/libc_nano.a(libc_a-lock.o)
 .bss.__lock___tz_mutex
                0x00000000        0x1 /home/fox/DevKit/Embedded/GNUARM-12.2/bin/../lib/gcc/arm-none-eabi/12.2.1/../../../../arm-none-eabi/lib/thumb/v6-m/nofp/libc_nano.a(libc_a-lock.o)
 .bss.__lock___env_recursive_mutex
                0x00000000        0x1 /home/fox/DevKit/Embedded/GNUARM-12.2/bin/../lib/gcc/arm-none-eabi/12.2.1/../../../../arm-none-eabi/lib/thumb/v6-m/nofp/libc_nano.a(libc_a-lock.o)
 .bss.__lock___at_quick_exit_mutex
                0x00000000        0x1 /home/fox/DevKit/Embedded/GNUARM-12.2/bin/../lib/gcc/arm-none-eabi/12.2.1/../../../../arm-none-eabi/lib/thumb/v6-m/nofp/libc_nano.a(libc_a-lock.o)
 .bss.__lock___atexit_recursive_mutex
                0x00000000        0x1 /home/fox/DevKit/Embedded/GNUARM-12.2/bin/../lib/gcc/arm-none-eabi/12.2.1/../../../../arm-none-eabi/lib/thumb/v6-m/nofp/libc_nano.a(libc_a-lock.o)
 .bss.__lock___sfp_recursive_mutex
                0x00000000        0x1 /home/fox/DevKit/Embedded/GNUARM-12.2/bin/../lib/gcc/arm-none-eabi/12.2.1/../../../../arm-none-eabi/lib/thumb/v6-m/nofp/libc_nano.a(libc_a-lock.o)
 .text          0x00000000        0x0 /home/fox/DevKit/Embedded/GNUARM-12.2/bin/../lib/gcc/arm-none-eabi/12.2.1/../../../../arm-none-eabi/lib/thumb/v6-m/nofp/libc_nano.a(libc_a-reent.o)
 .data          0x00000000        0x0 /home/fox/DevKit/Embedded/GNUARM-12.2/bin/../lib/gcc/arm-none-eabi/12.2.1/../../../../arm-none-eabi/lib/thumb/v6-m/nofp/libc_nano.a(libc_a-reent.o)
 .bss           0x00000000        0x0 /home/fox/DevKit/Embedded/GNUARM-12.2/bin/../lib/gcc/arm-none-eabi/12.2.1/../../../../arm-none-eabi/lib/thumb/v6-m/nofp/libc_nano.a(libc_a-reent.o)
 .text._reclaim_reent
                0x00000000       0xc0 /home/fox/DevKit/Embedded/GNUARM-12.2/bin/../lib/gcc/arm-none-eabi/12.2.1/../../../../arm-none-eabi/lib/thumb/v6-m/nofp/libc_nano.a(libc_a-reent.o)
 .text          0x00000000        0x0 /home/fox/DevKit/Embedded/GNUARM-12.2/bin/../lib/gcc/arm-none-eabi/12.2.1/../../../../arm-none-eabi/lib/thumb/v6-m/nofp/libc_nano.a(libc_a-msizer.o)
 .data          0x00000000        0x0 /home/fox/DevKit/Embedded/GNUARM-12.2/bin/../lib/gcc/arm-none-eabi/12.2.1/../../../../arm-none-eabi/lib/thumb/v6-m/nofp/libc_nano.a(libc_a-msizer.o)
 .bss           0x00000000        0x0 /home/fox/DevKit/Embedded/GNUARM-12.2/bin/../lib/gcc/arm-none-eabi/12.2.1/../../../../arm-none-eabi/lib/thumb/v6-m/nofp/libc_nano.a(libc_a-msizer.o)
 .data          0x00000000        0x0 /home/fox/DevKit/Embedded/GNUARM-12.2/bin/../lib/gcc/arm-none-eabi/12.2.1/thumb/v6-m/nofp/libgcc.a(_thumb1_case_shi.o)
 .bss           0x00000000        0x0 /home/fox/DevKit/Embedded/GNUARM-12.2/bin/../lib/gcc/arm-none-eabi/12.2.1/thumb/v6-m/nofp/libgcc.a(_thumb1_case_shi.o)
 .data          0x00000000        0x0 /home/fox/DevKit/Embedded/GNUARM-12.2/bin/../lib/gcc/arm-none-eabi/12.2.1/thumb/v6-m/nofp/libgcc.a(_udivsi3.o)
 .bss           0x00000000        0x0 /home/fox/DevKit/Embedded/GNUARM-12.2/bin/../lib/gcc/arm-none-eabi/12.2.1/thumb/v6-m/nofp/libgcc.a(_udivsi3.o)
 .data          0x00000000        0x0 /home/fox/DevKit/Embedded/GNUARM-12.2/bin/../lib/gcc/arm-none-eabi/12.2.1/thumb/v6-m/nofp/libgcc.a(_dvmd_tls.o)
 .bss           0x00000000        0x0 /home/fox/DevKit/Embedded/GNUARM-12.2/bin/../lib/gcc/arm-none-eabi/12.2.1/thumb/v6-m/nofp/libgcc.a(_dvmd_tls.o)

Memory Configuration

Name             Origin             Length             Attributes
interrupt        0x00000000         0x000000c0         xr
cfmprotrom       0x00000400         0x00000010         xr
flash            0x00000410         0x0001fbf0         xr
sram             0x1ffff000         0x00004000         xrw
*default*        0x00000000         0xffffffff

Linker script and memory map

LOAD /tmp/ccmdMehQ.o
LOAD /tmp/ccV7rBdQ.o
LOAD /tmp/ccuDXc5Q.o
LOAD /tmp/ccmvi7GR.o
LOAD /home/fox/DevKit/Embedded/GNUARM-12.2/bin/../lib/gcc/arm-none-eabi/12.2.1/../../../../arm-none-eabi/lib/thumb/v6-m/nofp/libm.a
LOAD /home/fox/DevKit/Embedded/GNUARM-12.2/bin/../lib/gcc/arm-none-eabi/12.2.1/../../../../arm-none-eabi/lib/thumb/v6-m/nofp/libc_nano.a
LOAD /home/fox/DevKit/Embedded/GNUARM-12.2/bin/../lib/gcc/arm-none-eabi/12.2.1/thumb/v6-m/nofp/libgcc.a
                0x20003000                        _estack = (ORIGIN (sram) + LENGTH (sram))

.vectors        0x00000000       0xc0
                0x00000000                        . = ALIGN (0x4)
 *(.vectors)
 .vectors       0x00000000       0xc0 /tmp/ccuDXc5Q.o
                0x00000000                tab
                0x000000c0                        . = ALIGN (0x4)

.cfmprotect     0x00000400       0x10
                0x00000400                        . = ALIGN (0x4)
 *(.cfmconfig)
 .cfmconfig     0x00000400       0x10 /tmp/ccuDXc5Q.o
                0x00000400                cfm
                0x00000410                        . = ALIGN (0x4)

.text           0x00000410      0xfe4
 *(.text*)
 .text.SysTick_Config
                0x00000410       0x34 /tmp/ccmdMehQ.o
 .text.timer_expired
                0x00000444       0x4c /tmp/ccmdMehQ.o
 .text.uart_init
                0x00000490       0xa0 /tmp/ccmdMehQ.o
 .text.uart_printf
                0x00000530       0x44 /tmp/ccmdMehQ.o
 .text.main     0x00000574       0x90 /tmp/ccmdMehQ.o
                0x00000574                main
 .text.uart_printf
                0x00000604       0x44 /tmp/ccV7rBdQ.o
 .text.SysTick_Handler
                0x00000648       0x10 /tmp/ccV7rBdQ.o
                0x00000648                SysTick_Handler
 .text.UART1_IRQHandler
                0x00000658       0x74 /tmp/ccV7rBdQ.o
                0x00000658                UART1_IRQHandler
 .text.__init_hardware
                0x000006cc       0x10 /tmp/ccuDXc5Q.o
 .text.FLL_clock
                0x000006dc      0x12c /tmp/ccuDXc5Q.o
 .text.PLL_clock
                0x00000808       0x38 /tmp/ccuDXc5Q.o
 .text.inter_clock
                0x00000840       0x44 /tmp/ccuDXc5Q.o
 .text.exter_clock
                0x00000884       0x10 /tmp/ccuDXc5Q.o
 .text.clock_init
                0x00000894       0xb0 /tmp/ccuDXc5Q.o
 .text.Default_Handler
                0x00000944        0x4 /tmp/ccuDXc5Q.o
                0x00000944                RTC_Alarm_IRQHandler
                0x00000944                I2C0_IRQHandler
                0x00000944                HardFault_Handler
                0x00000944                PendSV_Handler
                0x00000944                NMI_Handler
                0x00000944                I2C1_IRQHandler
                0x00000944                DMA2_IRQHandler
                0x00000944                TPM0_IRQHandler
                0x00000944                LLWU_IRQHandler
                0x00000944                TSI0_IRQHandler
                0x00000944                UART0_IRQHandler
                0x00000944                ADC0_IRQHandler
                0x00000944                SPI1_IRQHandler
                0x00000944                PORTD_IRQHandler
                0x00000944                TPM2_IRQHandler
                0x00000944                RTC_Seconds_IRQHandler
                0x00000944                MCG_IRQHandler
                0x00000944                UART2_IRQHandler
                0x00000944                Default_Handler
                0x00000944                PIT_IRQHandler
                0x00000944                SVC_Handler
                0x00000944                USBOTG_IRQHandler
                0x00000944                DMA3_IRQHandler
                0x00000944                DMA0_IRQHandler
                0x00000944                DAC0_IRQHandler
                0x00000944                PMC_IRQHandler
                0x00000944                TPM1_IRQHandler
                0x00000944                SPI0_IRQHandler
                0x00000944                PORTA_IRQHandler
                0x00000944                MCM_IRQHandler
                0x00000944                FTFL_IRQHandler
                0x00000944                LPTMR0_IRQHandler
                0x00000944                CMP0_IRQHandler
                0x00000944                DMA1_IRQHandler
 .text.zero_fill_bss
                0x00000948       0x18 /tmp/ccuDXc5Q.o
 .text.copy_data
                0x00000960       0x1c /tmp/ccuDXc5Q.o
 .text._reset   0x0000097c       0x16 /tmp/ccuDXc5Q.o
                0x0000097c                _reset
 *fill*         0x00000992        0x2 
 .text._sbrk    0x00000994       0x24 /tmp/ccmvi7GR.o
                0x00000994                _sbrk
 .text._vsprintf_r
                0x000009b8       0x2c /home/fox/DevKit/Embedded/GNUARM-12.2/bin/../lib/gcc/arm-none-eabi/12.2.1/../../../../arm-none-eabi/lib/thumb/v6-m/nofp/libc_nano.a(libc_a-vsprintf.o)
                0x000009b8                _vsiprintf_r
                0x000009b8                _vsprintf_r
 .text.vsprintf
                0x000009e4       0x18 /home/fox/DevKit/Embedded/GNUARM-12.2/bin/../lib/gcc/arm-none-eabi/12.2.1/../../../../arm-none-eabi/lib/thumb/v6-m/nofp/libc_nano.a(libc_a-vsprintf.o)
                0x000009e4                vsprintf
                0x000009e4                vsiprintf
 .text.memcpy   0x000009fc       0x12 /home/fox/DevKit/Embedded/GNUARM-12.2/bin/../lib/gcc/arm-none-eabi/12.2.1/../../../../arm-none-eabi/lib/thumb/v6-m/nofp/libc_nano.a(libc_a-memcpy-stub.o)
                0x000009fc                memcpy
 .text          0x00000a0e        0xe /home/fox/DevKit/Embedded/GNUARM-12.2/bin/../lib/gcc/arm-none-eabi/12.2.1/../../../../arm-none-eabi/lib/thumb/v6-m/nofp/libc_nano.a(libc_a-strlen.o)
                0x00000a0e                strlen
 .text.memset   0x00000a1c       0x10 /home/fox/DevKit/Embedded/GNUARM-12.2/bin/../lib/gcc/arm-none-eabi/12.2.1/../../../../arm-none-eabi/lib/thumb/v6-m/nofp/libc_nano.a(libc_a-memset.o)
                0x00000a1c                memset
 .text.__ssputs_r
                0x00000a2c       0xc0 /home/fox/DevKit/Embedded/GNUARM-12.2/bin/../lib/gcc/arm-none-eabi/12.2.1/../../../../arm-none-eabi/lib/thumb/v6-m/nofp/libc_nano.a(libc_a-nano-svfprintf.o)
                0x00000a2c                __ssputs_r
 .text._svfprintf_r
                0x00000aec      0x1fc /home/fox/DevKit/Embedded/GNUARM-12.2/bin/../lib/gcc/arm-none-eabi/12.2.1/../../../../arm-none-eabi/lib/thumb/v6-m/nofp/libc_nano.a(libc_a-nano-svfprintf.o)
                0x00000aec                _svfprintf_r
                0x00000aec                _svfiprintf_r
 .text._printf_common
                0x00000ce8       0xde /home/fox/DevKit/Embedded/GNUARM-12.2/bin/../lib/gcc/arm-none-eabi/12.2.1/../../../../arm-none-eabi/lib/thumb/v6-m/nofp/libc_nano.a(libc_a-nano-vfprintf_i.o)
                0x00000ce8                _printf_common
 *fill*         0x00000dc6        0x2 
 .text._printf_i
                0x00000dc8      0x234 /home/fox/DevKit/Embedded/GNUARM-12.2/bin/../lib/gcc/arm-none-eabi/12.2.1/../../../../arm-none-eabi/lib/thumb/v6-m/nofp/libc_nano.a(libc_a-nano-vfprintf_i.o)
                0x00000dc8                _printf_i
 .text.memchr   0x00000ffc       0x16 /home/fox/DevKit/Embedded/GNUARM-12.2/bin/../lib/gcc/arm-none-eabi/12.2.1/../../../../arm-none-eabi/lib/thumb/v6-m/nofp/libc_nano.a(libc_a-memchr-stub.o)
                0x00000ffc                memchr
 *fill*         0x00001012        0x2 
 .text.sbrk_aligned
                0x00001014       0x44 /home/fox/DevKit/Embedded/GNUARM-12.2/bin/../lib/gcc/arm-none-eabi/12.2.1/../../../../arm-none-eabi/lib/thumb/v6-m/nofp/libc_nano.a(libc_a-mallocr.o)
 .text._malloc_r
                0x00001058      0x100 /home/fox/DevKit/Embedded/GNUARM-12.2/bin/../lib/gcc/arm-none-eabi/12.2.1/../../../../arm-none-eabi/lib/thumb/v6-m/nofp/libc_nano.a(libc_a-mallocr.o)
                0x00001058                _malloc_r
 .text.__malloc_lock
                0x00001158       0x10 /home/fox/DevKit/Embedded/GNUARM-12.2/bin/../lib/gcc/arm-none-eabi/12.2.1/../../../../arm-none-eabi/lib/thumb/v6-m/nofp/libc_nano.a(libc_a-mlock.o)
                0x00001158                __malloc_lock
 .text.__malloc_unlock
                0x00001168       0x10 /home/fox/DevKit/Embedded/GNUARM-12.2/bin/../lib/gcc/arm-none-eabi/12.2.1/../../../../arm-none-eabi/lib/thumb/v6-m/nofp/libc_nano.a(libc_a-mlock.o)
                0x00001168                __malloc_unlock
 .text._sbrk_r  0x00001178       0x24 /home/fox/DevKit/Embedded/GNUARM-12.2/bin/../lib/gcc/arm-none-eabi/12.2.1/../../../../arm-none-eabi/lib/thumb/v6-m/nofp/libc_nano.a(libc_a-sbrkr.o)
                0x00001178                _sbrk_r
 .text.memmove  0x0000119c       0x26 /home/fox/DevKit/Embedded/GNUARM-12.2/bin/../lib/gcc/arm-none-eabi/12.2.1/../../../../arm-none-eabi/lib/thumb/v6-m/nofp/libc_nano.a(libc_a-memmove.o)
                0x0000119c                memmove
 .text._realloc_r
                0x000011c2       0x5e /home/fox/DevKit/Embedded/GNUARM-12.2/bin/../lib/gcc/arm-none-eabi/12.2.1/../../../../arm-none-eabi/lib/thumb/v6-m/nofp/libc_nano.a(libc_a-reallocr.o)
                0x000011c2                _realloc_r
 .text._free_r  0x00001220       0x94 /home/fox/DevKit/Embedded/GNUARM-12.2/bin/../lib/gcc/arm-none-eabi/12.2.1/../../../../arm-none-eabi/lib/thumb/v6-m/nofp/libc_nano.a(libc_a-freer.o)
                0x00001220                _free_r
 .text.__retarget_lock_acquire_recursive
                0x000012b4        0x2 /home/fox/DevKit/Embedded/GNUARM-12.2/bin/../lib/gcc/arm-none-eabi/12.2.1/../../../../arm-none-eabi/lib/thumb/v6-m/nofp/libc_nano.a(libc_a-lock.o)
                0x000012b4                __retarget_lock_acquire_recursive
 .text.__retarget_lock_release_recursive
                0x000012b6        0x2 /home/fox/DevKit/Embedded/GNUARM-12.2/bin/../lib/gcc/arm-none-eabi/12.2.1/../../../../arm-none-eabi/lib/thumb/v6-m/nofp/libc_nano.a(libc_a-lock.o)
                0x000012b6                __retarget_lock_release_recursive
 .text._malloc_usable_size_r
                0x000012b8       0x10 /home/fox/DevKit/Embedded/GNUARM-12.2/bin/../lib/gcc/arm-none-eabi/12.2.1/../../../../arm-none-eabi/lib/thumb/v6-m/nofp/libc_nano.a(libc_a-msizer.o)
                0x000012b8                _malloc_usable_size_r
 .text          0x000012c8       0x14 /home/fox/DevKit/Embedded/GNUARM-12.2/bin/../lib/gcc/arm-none-eabi/12.2.1/thumb/v6-m/nofp/libgcc.a(_thumb1_case_shi.o)
                0x000012c8                __gnu_thumb1_case_shi
 .text          0x000012dc      0x114 /home/fox/DevKit/Embedded/GNUARM-12.2/bin/../lib/gcc/arm-none-eabi/12.2.1/thumb/v6-m/nofp/libgcc.a(_udivsi3.o)
                0x000012dc                __udivsi3
                0x000012dc                __aeabi_uidiv
                0x000013e8                __aeabi_uidivmod
 .text          0x000013f0        0x4 /home/fox/DevKit/Embedded/GNUARM-12.2/bin/../lib/gcc/arm-none-eabi/12.2.1/thumb/v6-m/nofp/libgcc.a(_dvmd_tls.o)
                0x000013f0                __aeabi_ldiv0
                0x000013f0                __aeabi_idiv0

.glue_7         0x000013f4        0x0
 .glue_7        0x000013f4        0x0 linker stubs

.glue_7t        0x000013f4        0x0
 .glue_7t       0x000013f4        0x0 linker stubs

.vfp11_veneer   0x000013f4        0x0
 .vfp11_veneer  0x000013f4        0x0 linker stubs

.v4_bx          0x000013f4        0x0
 .v4_bx         0x000013f4        0x0 linker stubs

.iplt           0x000013f4        0x0
 .iplt          0x000013f4        0x0 /tmp/ccmdMehQ.o

.rodata         0x000013f4       0x7c
 *(.rodata*)
 .rodata.main.str1.4
                0x000013f4       0x41 /tmp/ccmdMehQ.o
 *fill*         0x00001435        0x3 
 .rodata.UART1_IRQHandler.str1.4
                0x00001438        0x5 /tmp/ccV7rBdQ.o
 .rodata._svfprintf_r.str1.1
                0x0000143d       0x11 /home/fox/DevKit/Embedded/GNUARM-12.2/bin/../lib/gcc/arm-none-eabi/12.2.1/../../../../arm-none-eabi/lib/thumb/v6-m/nofp/libc_nano.a(libc_a-nano-svfprintf.o)
 .rodata._printf_i.str1.1
                0x0000144e       0x22 /home/fox/DevKit/Embedded/GNUARM-12.2/bin/../lib/gcc/arm-none-eabi/12.2.1/../../../../arm-none-eabi/lib/thumb/v6-m/nofp/libc_nano.a(libc_a-nano-vfprintf_i.o)

.rel.dyn        0x00001470        0x0
 .rel.iplt      0x00001470        0x0 /tmp/ccmdMehQ.o

.data           0x1ffff000       0x58 load address 0x00001470
                0x1ffff000                        _sdata = .
 *(.first_data)
 *(.data SORT_BY_NAME(.data.*))
 .data.BUSCLK   0x1ffff000        0x4 /tmp/ccV7rBdQ.o
                0x1ffff000                BUSCLK
 .data.CORCLK   0x1ffff004        0x4 /tmp/ccV7rBdQ.o
                0x1ffff004                CORCLK
 .data._impure_data
                0x1ffff008       0x4c /home/fox/DevKit/Embedded/GNUARM-12.2/bin/../lib/gcc/arm-none-eabi/12.2.1/../../../../arm-none-eabi/lib/thumb/v6-m/nofp/libc_nano.a(libc_a-impure.o)
                0x1ffff008                _impure_data
 .data._impure_ptr
                0x1ffff054        0x4 /home/fox/DevKit/Embedded/GNUARM-12.2/bin/../lib/gcc/arm-none-eabi/12.2.1/../../../../arm-none-eabi/lib/thumb/v6-m/nofp/libc_nano.a(libc_a-impure.o)
                0x1ffff054                _impure_ptr
                0x1ffff058                        _edata = .
                0x00001470                        _sidata = LOADADDR (.data)

.igot.plt       0x1ffff058        0x0 load address 0x000014c8
 .igot.plt      0x1ffff058        0x0 /tmp/ccmdMehQ.o

.bss            0x1ffff058       0x20 load address 0x000014c8
                0x1ffff058                        _sbss = .
 *(.bss SORT_BY_NAME(.bss.*) COMMON)
 .bss.Divider   0x1ffff058        0x2 /tmp/ccuDXc5Q.o
 *fill*         0x1ffff05a        0x2 
 .bss.MCGOUTClock
                0x1ffff05c        0x4 /tmp/ccuDXc5Q.o
 .bss.__lock___malloc_recursive_mutex
                0x1ffff060        0x1 /home/fox/DevKit/Embedded/GNUARM-12.2/bin/../lib/gcc/arm-none-eabi/12.2.1/../../../../arm-none-eabi/lib/thumb/v6-m/nofp/libc_nano.a(libc_a-lock.o)
                0x1ffff060                __lock___malloc_recursive_mutex
 *fill*         0x1ffff061        0x3 
 .bss.__malloc_free_list
                0x1ffff064        0x4 /home/fox/DevKit/Embedded/GNUARM-12.2/bin/../lib/gcc/arm-none-eabi/12.2.1/../../../../arm-none-eabi/lib/thumb/v6-m/nofp/libc_nano.a(libc_a-mallocr.o)
                0x1ffff064                __malloc_free_list
 .bss.__malloc_sbrk_start
                0x1ffff068        0x4 /home/fox/DevKit/Embedded/GNUARM-12.2/bin/../lib/gcc/arm-none-eabi/12.2.1/../../../../arm-none-eabi/lib/thumb/v6-m/nofp/libc_nano.a(libc_a-mallocr.o)
                0x1ffff068                __malloc_sbrk_start
 .bss.errno     0x1ffff06c        0x4 /home/fox/DevKit/Embedded/GNUARM-12.2/bin/../lib/gcc/arm-none-eabi/12.2.1/../../../../arm-none-eabi/lib/thumb/v6-m/nofp/libc_nano.a(libc_a-reent.o)
                0x1ffff06c                errno
 .bss.heap.0    0x1ffff070        0x4 /tmp/ccmvi7GR.o
 .bss.ms_ticks  0x1ffff074        0x4 /tmp/ccV7rBdQ.o
                0x1ffff074                ms_ticks
                0x1ffff078                        _ebss = .
                0x1ffff078                        _end = .
OUTPUT(build/firmware.elf elf32-littlearm)
LOAD linker stubs

.debug_info     0x00000000     0x179e
 .debug_info    0x00000000      0xb36 /tmp/ccmdMehQ.o
 .debug_info    0x00000b36      0x527 /tmp/ccV7rBdQ.o
 .debug_info    0x0000105d      0x659 /tmp/ccuDXc5Q.o
 .debug_info    0x000016b6       0xe8 /tmp/ccmvi7GR.o

.debug_abbrev   0x00000000      0x8ec
 .debug_abbrev  0x00000000      0x34b /tmp/ccmdMehQ.o
 .debug_abbrev  0x0000034b      0x2c5 /tmp/ccV7rBdQ.o
 .debug_abbrev  0x00000610      0x237 /tmp/ccuDXc5Q.o
 .debug_abbrev  0x00000847       0xa5 /tmp/ccmvi7GR.o

.debug_loclists
                0x00000000      0x3b2
 .debug_loclists
                0x00000000      0x1d5 /tmp/ccmdMehQ.o
 .debug_loclists
                0x000001d5      0x1a1 /tmp/ccV7rBdQ.o
 .debug_loclists
                0x00000376       0x3c /tmp/ccmvi7GR.o

.debug_aranges  0x00000000       0xf8
 .debug_aranges
                0x00000000       0x40 /tmp/ccmdMehQ.o
 .debug_aranges
                0x00000040       0x30 /tmp/ccV7rBdQ.o
 .debug_aranges
                0x00000070       0x68 /tmp/ccuDXc5Q.o
 .debug_aranges
                0x000000d8       0x20 /tmp/ccmvi7GR.o

.debug_rnglists
                0x00000000       0xf2
 .debug_rnglists
                0x00000000       0x39 /tmp/ccmdMehQ.o
 .debug_rnglists
                0x00000039       0x5b /tmp/ccV7rBdQ.o
 .debug_rnglists
                0x00000094       0x4b /tmp/ccuDXc5Q.o
 .debug_rnglists
                0x000000df       0x13 /tmp/ccmvi7GR.o

.debug_macro    0x00000000     0x7b57
 .debug_macro   0x00000000      0x1c1 /tmp/ccmdMehQ.o
 .debug_macro   0x000001c1      0xa90 /tmp/ccmdMehQ.o
 .debug_macro   0x00000c51       0x3f /tmp/ccmdMehQ.o
 .debug_macro   0x00000c90       0x22 /tmp/ccmdMehQ.o
 .debug_macro   0x00000cb2       0x8e /tmp/ccmdMehQ.o
 .debug_macro   0x00000d40       0x51 /tmp/ccmdMehQ.o
 .debug_macro   0x00000d91      0x103 /tmp/ccmdMehQ.o
 .debug_macro   0x00000e94       0x6a /tmp/ccmdMehQ.o
 .debug_macro   0x00000efe      0x1df /tmp/ccmdMehQ.o
 .debug_macro   0x000010dd       0x34 /tmp/ccmdMehQ.o
 .debug_macro   0x00001111       0x26 /tmp/ccmdMehQ.o
 .debug_macro   0x00001137      0x329 /tmp/ccmdMehQ.o
 .debug_macro   0x00001460     0x51e2 /tmp/ccmdMehQ.o
 .debug_macro   0x00006642       0x34 /tmp/ccmdMehQ.o
 .debug_macro   0x00006676       0x22 /tmp/ccmdMehQ.o
 .debug_macro   0x00006698       0x58 /tmp/ccmdMehQ.o
 .debug_macro   0x000066f0       0x61 /tmp/ccmdMehQ.o
 .debug_macro   0x00006751       0x24 /tmp/ccmdMehQ.o
 .debug_macro   0x00006775       0x43 /tmp/ccmdMehQ.o
 .debug_macro   0x000067b8       0x34 /tmp/ccmdMehQ.o
 .debug_macro   0x000067ec       0x16 /tmp/ccmdMehQ.o
 .debug_macro   0x00006802       0x9e /tmp/ccmdMehQ.o
 .debug_macro   0x000068a0      0x369 /tmp/ccmdMehQ.o
 .debug_macro   0x00006c09      0x10b /tmp/ccmdMehQ.o
 .debug_macro   0x00006d14       0x16 /tmp/ccmdMehQ.o
 .debug_macro   0x00006d2a       0x43 /tmp/ccmdMehQ.o
 .debug_macro   0x00006d6d       0x34 /tmp/ccmdMehQ.o
 .debug_macro   0x00006da1       0x10 /tmp/ccmdMehQ.o
 .debug_macro   0x00006db1       0x58 /tmp/ccmdMehQ.o
 .debug_macro   0x00006e09       0x8e /tmp/ccmdMehQ.o
 .debug_macro   0x00006e97       0x1c /tmp/ccmdMehQ.o
 .debug_macro   0x00006eb3      0x177 /tmp/ccmdMehQ.o
 .debug_macro   0x0000702a       0x16 /tmp/ccmdMehQ.o
 .debug_macro   0x00007040       0x16 /tmp/ccmdMehQ.o
 .debug_macro   0x00007056      0x146 /tmp/ccmdMehQ.o
 .debug_macro   0x0000719c       0x16 /tmp/ccmdMehQ.o
 .debug_macro   0x000071b2       0x35 /tmp/ccmdMehQ.o
 .debug_macro   0x000071e7      0x1c1 /tmp/ccV7rBdQ.o
 .debug_macro   0x000073a8      0x17c /tmp/ccuDXc5Q.o
 .debug_macro   0x00007524      0x189 /tmp/ccuDXc5Q.o
 .debug_macro   0x000076ad       0x10 /tmp/ccuDXc5Q.o
 .debug_macro   0x000076bd      0x12a /tmp/ccmvi7GR.o
 .debug_macro   0x000077e7       0x5b /tmp/ccmvi7GR.o
 .debug_macro   0x00007842       0x94 /tmp/ccmvi7GR.o
 .debug_macro   0x000078d6       0x57 /tmp/ccmvi7GR.o
 .debug_macro   0x0000792d       0x10 /tmp/ccmvi7GR.o
 .debug_macro   0x0000793d       0x1c /tmp/ccmvi7GR.o
 .debug_macro   0x00007959       0x52 /tmp/ccmvi7GR.o
 .debug_macro   0x000079ab       0x22 /tmp/ccmvi7GR.o
 .debug_macro   0x000079cd       0x10 /tmp/ccmvi7GR.o
 .debug_macro   0x000079dd       0x52 /tmp/ccmvi7GR.o
 .debug_macro   0x00007a2f       0xcf /tmp/ccmvi7GR.o
 .debug_macro   0x00007afe       0x1c /tmp/ccmvi7GR.o
 .debug_macro   0x00007b1a       0x3d /tmp/ccmvi7GR.o

.debug_line     0x00000000     0x13a6
 .debug_line    0x00000000      0x5e9 /tmp/ccmdMehQ.o
 .debug_line    0x000005e9      0x4cc /tmp/ccV7rBdQ.o
 .debug_line    0x00000ab5      0x5f5 /tmp/ccuDXc5Q.o
 .debug_line    0x000010aa      0x2fc /tmp/ccmvi7GR.o

.debug_str      0x00000000    0x2cc10
 .debug_str     0x00000000    0x2c136 /tmp/ccmdMehQ.o
                              0x2c51a (size before relaxing)
 .debug_str     0x0002c136       0x5e /tmp/ccV7rBdQ.o
                              0x2c184 (size before relaxing)
 .debug_str     0x0002c194      0x104 /tmp/ccuDXc5Q.o
                              0x2bb3f (size before relaxing)
 .debug_str     0x0002c298      0x978 /tmp/ccmvi7GR.o
                               0x58b2 (size before relaxing)

.comment        0x00000000       0x55
 .comment       0x00000000       0x55 /tmp/ccmdMehQ.o
                                 0x56 (size before relaxing)
 .comment       0x00000055       0x56 /tmp/ccV7rBdQ.o
 .comment       0x00000055       0x56 /tmp/ccuDXc5Q.o
 .comment       0x00000055       0x56 /tmp/ccmvi7GR.o

.ARM.attributes
                0x00000000       0x2a
 .ARM.attributes
                0x00000000       0x2c /tmp/ccmdMehQ.o
 .ARM.attributes
                0x0000002c       0x2c /tmp/ccV7rBdQ.o
 .ARM.attributes
                0x00000058       0x2c /tmp/ccuDXc5Q.o
 .ARM.attributes
                0x00000084       0x2c /tmp/ccmvi7GR.o
 .ARM.attributes
                0x000000b0       0x2c /home/fox/DevKit/Embedded/GNUARM-12.2/bin/../lib/gcc/arm-none-eabi/12.2.1/../../../../arm-none-eabi/lib/thumb/v6-m/nofp/libc_nano.a(libc_a-vsprintf.o)
 .ARM.attributes
                0x000000dc       0x2c /home/fox/DevKit/Embedded/GNUARM-12.2/bin/../lib/gcc/arm-none-eabi/12.2.1/../../../../arm-none-eabi/lib/thumb/v6-m/nofp/libc_nano.a(libc_a-impure.o)
 .ARM.attributes
                0x00000108       0x2c /home/fox/DevKit/Embedded/GNUARM-12.2/bin/../lib/gcc/arm-none-eabi/12.2.1/../../../../arm-none-eabi/lib/thumb/v6-m/nofp/libc_nano.a(libc_a-memcpy-stub.o)
 .ARM.attributes
                0x00000134       0x1c /home/fox/DevKit/Embedded/GNUARM-12.2/bin/../lib/gcc/arm-none-eabi/12.2.1/../../../../arm-none-eabi/lib/thumb/v6-m/nofp/libc_nano.a(libc_a-strlen.o)
 .ARM.attributes
                0x00000150       0x2c /home/fox/DevKit/Embedded/GNUARM-12.2/bin/../lib/gcc/arm-none-eabi/12.2.1/../../../../arm-none-eabi/lib/thumb/v6-m/nofp/libc_nano.a(libc_a-memset.o)
 .ARM.attributes
                0x0000017c       0x2c /home/fox/DevKit/Embedded/GNUARM-12.2/bin/../lib/gcc/arm-none-eabi/12.2.1/../../../../arm-none-eabi/lib/thumb/v6-m/nofp/libc_nano.a(libc_a-nano-svfprintf.o)
 .ARM.attributes
                0x000001a8       0x2c /home/fox/DevKit/Embedded/GNUARM-12.2/bin/../lib/gcc/arm-none-eabi/12.2.1/../../../../arm-none-eabi/lib/thumb/v6-m/nofp/libc_nano.a(libc_a-nano-vfprintf_i.o)
 .ARM.attributes
                0x000001d4       0x2c /home/fox/DevKit/Embedded/GNUARM-12.2/bin/../lib/gcc/arm-none-eabi/12.2.1/../../../../arm-none-eabi/lib/thumb/v6-m/nofp/libc_nano.a(libc_a-memchr-stub.o)
 .ARM.attributes
                0x00000200       0x2c /home/fox/DevKit/Embedded/GNUARM-12.2/bin/../lib/gcc/arm-none-eabi/12.2.1/../../../../arm-none-eabi/lib/thumb/v6-m/nofp/libc_nano.a(libc_a-mallocr.o)
 .ARM.attributes
                0x0000022c       0x2c /home/fox/DevKit/Embedded/GNUARM-12.2/bin/../lib/gcc/arm-none-eabi/12.2.1/../../../../arm-none-eabi/lib/thumb/v6-m/nofp/libc_nano.a(libc_a-mlock.o)
 .ARM.attributes
                0x00000258       0x2c /home/fox/DevKit/Embedded/GNUARM-12.2/bin/../lib/gcc/arm-none-eabi/12.2.1/../../../../arm-none-eabi/lib/thumb/v6-m/nofp/libc_nano.a(libc_a-sbrkr.o)
 .ARM.attributes
                0x00000284       0x2c /home/fox/DevKit/Embedded/GNUARM-12.2/bin/../lib/gcc/arm-none-eabi/12.2.1/../../../../arm-none-eabi/lib/thumb/v6-m/nofp/libc_nano.a(libc_a-memmove.o)
 .ARM.attributes
                0x000002b0       0x2c /home/fox/DevKit/Embedded/GNUARM-12.2/bin/../lib/gcc/arm-none-eabi/12.2.1/../../../../arm-none-eabi/lib/thumb/v6-m/nofp/libc_nano.a(libc_a-reallocr.o)
 .ARM.attributes
                0x000002dc       0x2c /home/fox/DevKit/Embedded/GNUARM-12.2/bin/../lib/gcc/arm-none-eabi/12.2.1/../../../../arm-none-eabi/lib/thumb/v6-m/nofp/libc_nano.a(libc_a-freer.o)
 .ARM.attributes
                0x00000308       0x2c /home/fox/DevKit/Embedded/GNUARM-12.2/bin/../lib/gcc/arm-none-eabi/12.2.1/../../../../arm-none-eabi/lib/thumb/v6-m/nofp/libc_nano.a(libc_a-lock.o)
 .ARM.attributes
                0x00000334       0x2c /home/fox/DevKit/Embedded/GNUARM-12.2/bin/../lib/gcc/arm-none-eabi/12.2.1/../../../../arm-none-eabi/lib/thumb/v6-m/nofp/libc_nano.a(libc_a-reent.o)
 .ARM.attributes
                0x00000360       0x2c /home/fox/DevKit/Embedded/GNUARM-12.2/bin/../lib/gcc/arm-none-eabi/12.2.1/../../../../arm-none-eabi/lib/thumb/v6-m/nofp/libc_nano.a(libc_a-msizer.o)
 .ARM.attributes
                0x0000038c       0x1e /home/fox/DevKit/Embedded/GNUARM-12.2/bin/../lib/gcc/arm-none-eabi/12.2.1/thumb/v6-m/nofp/libgcc.a(_thumb1_case_shi.o)
 .ARM.attributes
                0x000003aa       0x1e /home/fox/DevKit/Embedded/GNUARM-12.2/bin/../lib/gcc/arm-none-eabi/12.2.1/thumb/v6-m/nofp/libgcc.a(_udivsi3.o)
 .ARM.attributes
                0x000003c8       0x1e /home/fox/DevKit/Embedded/GNUARM-12.2/bin/../lib/gcc/arm-none-eabi/12.2.1/thumb/v6-m/nofp/libgcc.a(_dvmd_tls.o)

.debug_frame    0x00000000      0x5bc
 .debug_frame   0x00000000       0x88 /tmp/ccmdMehQ.o
 .debug_frame   0x00000088       0x5c /tmp/ccV7rBdQ.o
 .debug_frame   0x000000e4       0xe8 /tmp/ccuDXc5Q.o
 .debug_frame   0x000001cc       0x20 /tmp/ccmvi7GR.o
 .debug_frame   0x000001ec       0x40 /home/fox/DevKit/Embedded/GNUARM-12.2/bin/../lib/gcc/arm-none-eabi/12.2.1/../../../../arm-none-eabi/lib/thumb/v6-m/nofp/libc_nano.a(libc_a-vsprintf.o)
 .debug_frame   0x0000022c       0x28 /home/fox/DevKit/Embedded/GNUARM-12.2/bin/../lib/gcc/arm-none-eabi/12.2.1/../../../../arm-none-eabi/lib/thumb/v6-m/nofp/libc_nano.a(libc_a-memcpy-stub.o)
 .debug_frame   0x00000254       0x20 /home/fox/DevKit/Embedded/GNUARM-12.2/bin/../lib/gcc/arm-none-eabi/12.2.1/../../../../arm-none-eabi/lib/thumb/v6-m/nofp/libc_nano.a(libc_a-memset.o)
 .debug_frame   0x00000274       0x74 /home/fox/DevKit/Embedded/GNUARM-12.2/bin/../lib/gcc/arm-none-eabi/12.2.1/../../../../arm-none-eabi/lib/thumb/v6-m/nofp/libc_nano.a(libc_a-nano-svfprintf.o)
 .debug_frame   0x000002e8       0x54 /home/fox/DevKit/Embedded/GNUARM-12.2/bin/../lib/gcc/arm-none-eabi/12.2.1/../../../../arm-none-eabi/lib/thumb/v6-m/nofp/libc_nano.a(libc_a-nano-vfprintf_i.o)
 .debug_frame   0x0000033c       0x20 /home/fox/DevKit/Embedded/GNUARM-12.2/bin/../lib/gcc/arm-none-eabi/12.2.1/../../../../arm-none-eabi/lib/thumb/v6-m/nofp/libc_nano.a(libc_a-memchr-stub.o)
 .debug_frame   0x0000035c       0x50 /home/fox/DevKit/Embedded/GNUARM-12.2/bin/../lib/gcc/arm-none-eabi/12.2.1/../../../../arm-none-eabi/lib/thumb/v6-m/nofp/libc_nano.a(libc_a-mallocr.o)
 .debug_frame   0x000003ac       0x40 /home/fox/DevKit/Embedded/GNUARM-12.2/bin/../lib/gcc/arm-none-eabi/12.2.1/../../../../arm-none-eabi/lib/thumb/v6-m/nofp/libc_nano.a(libc_a-mlock.o)
 .debug_frame   0x000003ec       0x2c /home/fox/DevKit/Embedded/GNUARM-12.2/bin/../lib/gcc/arm-none-eabi/12.2.1/../../../../arm-none-eabi/lib/thumb/v6-m/nofp/libc_nano.a(libc_a-sbrkr.o)
 .debug_frame   0x00000418       0x28 /home/fox/DevKit/Embedded/GNUARM-12.2/bin/../lib/gcc/arm-none-eabi/12.2.1/../../../../arm-none-eabi/lib/thumb/v6-m/nofp/libc_nano.a(libc_a-memmove.o)
 .debug_frame   0x00000440       0x34 /home/fox/DevKit/Embedded/GNUARM-12.2/bin/../lib/gcc/arm-none-eabi/12.2.1/../../../../arm-none-eabi/lib/thumb/v6-m/nofp/libc_nano.a(libc_a-reallocr.o)
 .debug_frame   0x00000474       0x2c /home/fox/DevKit/Embedded/GNUARM-12.2/bin/../lib/gcc/arm-none-eabi/12.2.1/../../../../arm-none-eabi/lib/thumb/v6-m/nofp/libc_nano.a(libc_a-freer.o)
 .debug_frame   0x000004a0       0xb0 /home/fox/DevKit/Embedded/GNUARM-12.2/bin/../lib/gcc/arm-none-eabi/12.2.1/../../../../arm-none-eabi/lib/thumb/v6-m/nofp/libc_nano.a(libc_a-lock.o)
 .debug_frame   0x00000550       0x2c /home/fox/DevKit/Embedded/GNUARM-12.2/bin/../lib/gcc/arm-none-eabi/12.2.1/../../../../arm-none-eabi/lib/thumb/v6-m/nofp/libc_nano.a(libc_a-reent.o)
 .debug_frame   0x0000057c       0x20 /home/fox/DevKit/Embedded/GNUARM-12.2/bin/../lib/gcc/arm-none-eabi/12.2.1/../../../../arm-none-eabi/lib/thumb/v6-m/nofp/libc_nano.a(libc_a-msizer.o)
 .debug_frame   0x0000059c       0x20 /home/fox/DevKit/Embedded/GNUARM-12.2/bin/../lib/gcc/arm-none-eabi/12.2.1/thumb/v6-m/nofp/libgcc.a(_udivsi3.o)

.debug_line_str
                0x00000000      0x1c2
 .debug_line_str
                0x00000000       0xf0 /home/fox/DevKit/Embedded/GNUARM-12.2/bin/../lib/gcc/arm-none-eabi/12.2.1/../../../../arm-none-eabi/lib/thumb/v6-m/nofp/libc_nano.a(libc_a-strlen.o)
 .debug_line_str
                0x000000f0       0xd2 /home/fox/DevKit/Embedded/GNUARM-12.2/bin/../lib/gcc/arm-none-eabi/12.2.1/thumb/v6-m/nofp/libgcc.a(_thumb1_case_shi.o)
 .debug_line_str
                0x000001c2       0xd2 /home/fox/DevKit/Embedded/GNUARM-12.2/bin/../lib/gcc/arm-none-eabi/12.2.1/thumb/v6-m/nofp/libgcc.a(_udivsi3.o)
 .debug_line_str
                0x000001c2       0xd2 /home/fox/DevKit/Embedded/GNUARM-12.2/bin/../lib/gcc/arm-none-eabi/12.2.1/thumb/v6-m/nofp/libgcc.a(_dvmd_tls.o)
